Archive member included to satisfy reference by file (symbol)

.build/obj_nuphy_air75_v2_ansi_vial/uart_serial.a(uart_serial.o)
                              .build/obj_nuphy_air75_v2_ansi_vial/rf.o (uart_init)
c:/qmk_msys/mingw64/bin/../lib/gcc/arm-none-eabi/12.2.0/thumb/v6-m/nofp\libgcc.a(_thumb1_case_sqi.o)
                              .build/obj_nuphy_air75_v2_ansi_vial/rf.o (__gnu_thumb1_case_sqi)
c:/qmk_msys/mingw64/bin/../lib/gcc/arm-none-eabi/12.2.0/thumb/v6-m/nofp\libgcc.a(_thumb1_case_uqi.o)
                              .build/obj_nuphy_air75_v2_ansi_vial/side.o (__gnu_thumb1_case_uqi)
c:/qmk_msys/mingw64/bin/../lib/gcc/arm-none-eabi/12.2.0/thumb/v6-m/nofp\libgcc.a(_thumb1_case_shi.o)
                              .build/obj_nuphy_air75_v2_ansi_vial/lib/chibios/os/hal/lib/streams/chprintf.o (__gnu_thumb1_case_shi)
c:/qmk_msys/mingw64/bin/../lib/gcc/arm-none-eabi/12.2.0/thumb/v6-m/nofp\libgcc.a(_thumb1_case_uhi.o)
                              .build/obj_nuphy_air75_v2_ansi_vial/keyboards/nuphy/air75_v2/ansi/ansi.o (__gnu_thumb1_case_uhi)
c:/qmk_msys/mingw64/bin/../lib/gcc/arm-none-eabi/12.2.0/thumb/v6-m/nofp\libgcc.a(_udivsi3.o)
                              .build/obj_nuphy_air75_v2_ansi_vial/side.o (__aeabi_uidiv)
c:/qmk_msys/mingw64/bin/../lib/gcc/arm-none-eabi/12.2.0/thumb/v6-m/nofp\libgcc.a(_divsi3.o)
                              .build/obj_nuphy_air75_v2_ansi_vial/quantum/color.o (__aeabi_idiv)
c:/qmk_msys/mingw64/bin/../lib/gcc/arm-none-eabi/12.2.0/thumb/v6-m/nofp\libgcc.a(_dvmd_tls.o)
                              c:/qmk_msys/mingw64/bin/../lib/gcc/arm-none-eabi/12.2.0/thumb/v6-m/nofp\libgcc.a(_udivsi3.o) (__aeabi_idiv0)
c:/qmk_msys/mingw64/bin/../lib/gcc/arm-none-eabi/12.2.0/thumb/v6-m/nofp\libgcc.a(_ashldi3.o)
                              .build/obj_nuphy_air75_v2_ansi_vial/quantum/process_keycode/process_key_lock.o (__aeabi_llsl)
c:/qmk_msys/mingw64/bin/../lib/gcc/arm-none-eabi/12.2.0/thumb/v6-m/nofp\libgcc.a(_aeabi_ldivmod.o)
                              .build/obj_nuphy_air75_v2_ansi_vial/rf.o (__aeabi_ldivmod)
c:/qmk_msys/mingw64/bin/../lib/gcc/arm-none-eabi/12.2.0/thumb/v6-m/nofp\libgcc.a(_aeabi_uldivmod.o)
                              .build/obj_nuphy_air75_v2_ansi_vial/rf.o (__aeabi_uldivmod)
c:/qmk_msys/mingw64/bin/../lib/gcc/arm-none-eabi/12.2.0/thumb/v6-m/nofp\libgcc.a(_muldi3.o)
                              .build/obj_nuphy_air75_v2_ansi_vial/rf.o (__aeabi_lmul)
c:/qmk_msys/mingw64/bin/../lib/gcc/arm-none-eabi/12.2.0/thumb/v6-m/nofp\libgcc.a(_udivmoddi4.o)
                              c:/qmk_msys/mingw64/bin/../lib/gcc/arm-none-eabi/12.2.0/thumb/v6-m/nofp\libgcc.a(_aeabi_uldivmod.o) (__udivmoddi4)
c:/qmk_msys/mingw64/bin/../lib/gcc/arm-none-eabi/12.2.0/thumb/v6-m/nofp\libgcc.a(bpabi.o)
                              c:/qmk_msys/mingw64/bin/../lib/gcc/arm-none-eabi/12.2.0/thumb/v6-m/nofp\libgcc.a(_aeabi_ldivmod.o) (__gnu_ldivmod_helper)
c:/qmk_msys/mingw64/bin/../lib/gcc/arm-none-eabi/12.2.0/thumb/v6-m/nofp\libgcc.a(_lshrdi3.o)
                              c:/qmk_msys/mingw64/bin/../lib/gcc/arm-none-eabi/12.2.0/thumb/v6-m/nofp\libgcc.a(_udivmoddi4.o) (__aeabi_llsr)
c:/qmk_msys/mingw64/bin/../lib/gcc/arm-none-eabi/12.2.0/thumb/v6-m/nofp\libgcc.a(_clzdi2.o)
                              c:/qmk_msys/mingw64/bin/../lib/gcc/arm-none-eabi/12.2.0/thumb/v6-m/nofp\libgcc.a(_udivmoddi4.o) (__clzdi2)
c:/qmk_msys/mingw64/bin/../lib/gcc/arm-none-eabi/12.2.0/thumb/v6-m/nofp\libgcc.a(_divdi3.o)
                              c:/qmk_msys/mingw64/bin/../lib/gcc/arm-none-eabi/12.2.0/thumb/v6-m/nofp\libgcc.a(bpabi.o) (__divdi3)
c:/qmk_msys/mingw64/bin/../lib/gcc/arm-none-eabi/12.2.0/thumb/v6-m/nofp\libgcc.a(_clzsi2.o)
                              c:/qmk_msys/mingw64/bin/../lib/gcc/arm-none-eabi/12.2.0/thumb/v6-m/nofp\libgcc.a(_clzdi2.o) (__clzsi2)
c:/qmk_msys/mingw64/bin/../lib/gcc/arm-none-eabi/12.2.0/../../../../arm-none-eabi/lib/thumb/v6-m/nofp\libg_nano.a(libc_a-abort.o)
                              .build/obj_nuphy_air75_v2_ansi_vial/lib/chibios/os/various/syscalls.o (abort)
c:/qmk_msys/mingw64/bin/../lib/gcc/arm-none-eabi/12.2.0/../../../../arm-none-eabi/lib/thumb/v6-m/nofp\libg_nano.a(libc_a-rand.o)
                              .build/obj_nuphy_air75_v2_ansi_vial/quantum/rgb_matrix/rgb_matrix.o (rand)
c:/qmk_msys/mingw64/bin/../lib/gcc/arm-none-eabi/12.2.0/../../../../arm-none-eabi/lib/thumb/v6-m/nofp\libg_nano.a(libc_a-ctype_.o)
                              .build/obj_nuphy_air75_v2_ansi_vial/quantum/send_string/send_string.o (_ctype_)
c:/qmk_msys/mingw64/bin/../lib/gcc/arm-none-eabi/12.2.0/../../../../arm-none-eabi/lib/thumb/v6-m/nofp\libg_nano.a(libc_a-memcmp.o)
                              .build/obj_nuphy_air75_v2_ansi_vial/quantum/action_util.o (memcmp)
c:/qmk_msys/mingw64/bin/../lib/gcc/arm-none-eabi/12.2.0/../../../../arm-none-eabi/lib/thumb/v6-m/nofp\libg_nano.a(libc_a-memmove.o)
[...]
Memory Configuration

Name             Origin             Length             Attributes
flash0           0x08000000         0x00020000         xr
flash1           0x00000000         0x00000000         xr
flash2           0x00000000         0x00000000         xr
flash3           0x00000000         0x00000000         xr
flash4           0x00000000         0x00000000         xr
flash5           0x00000000         0x00000000         xr
flash6           0x00000000         0x00000000         xr
flash7           0x00000000         0x00000000         xr
ram0             0x20000000         0x00004000         xw
ram1             0x00000000         0x00000000         xw
ram2             0x00000000         0x00000000         xw
ram3             0x00000000         0x00000000         xw
ram4             0x00000000         0x00000000         xw
ram5             0x00000000         0x00000000         xw
ram6             0x00000000         0x00000000         xw
ram7             0x00000000         0x00000000         xw
*default*        0x00000000         0xffffffff

Linker script and memory map

LOAD .build/obj_nuphy_air75_v2_ansi_vial/side.o
LOAD .build/obj_nuphy_air75_v2_ansi_vial/rf.o
LOAD .build/obj_nuphy_air75_v2_ansi_vial/sleep.o
LOAD .build/obj_nuphy_air75_v2_ansi_vial/side_driver.o
LOAD .build/obj_nuphy_air75_v2_ansi_vial/rf_driver.o
LOAD .build/obj_nuphy_air75_v2_ansi_vial/keyboards/nuphy/air75_v2/ansi/ansi.o
LOAD .build/obj_nuphy_air75_v2_ansi_vial/.build/obj_nuphy_air75_v2_ansi_vial/src/default_keyboard.o
LOAD .build/obj_nuphy_air75_v2_ansi_vial/quantum/keymap_introspection.o
LOAD .build/obj_nuphy_air75_v2_ansi_vial/quantum/quantum.o
LOAD .build/obj_nuphy_air75_v2_ansi_vial/quantum/bitwise.o
LOAD .build/obj_nuphy_air75_v2_ansi_vial/quantum/led.o
LOAD .build/obj_nuphy_air75_v2_ansi_vial/quantum/action.o
LOAD .build/obj_nuphy_air75_v2_ansi_vial/quantum/action_layer.o
LOAD .build/obj_nuphy_air75_v2_ansi_vial/quantum/action_tapping.o
LOAD .build/obj_nuphy_air75_v2_ansi_vial/quantum/action_util.o
LOAD .build/obj_nuphy_air75_v2_ansi_vial/quantum/eeconfig.o
LOAD .build/obj_nuphy_air75_v2_ansi_vial/quantum/keyboard.o
LOAD .build/obj_nuphy_air75_v2_ansi_vial/quantum/keymap_common.o
LOAD .build/obj_nuphy_air75_v2_ansi_vial/quantum/keycode_config.o
LOAD .build/obj_nuphy_air75_v2_ansi_vial/quantum/sync_timer.o
LOAD .build/obj_nuphy_air75_v2_ansi_vial/quantum/logging/debug.o
LOAD .build/obj_nuphy_air75_v2_ansi_vial/quantum/logging/sendchar.o
LOAD .build/obj_nuphy_air75_v2_ansi_vial/quantum/logging/print.o
LOAD .build/obj_nuphy_air75_v2_ansi_vial/quantum/matrix_common.o
LOAD .build/obj_nuphy_air75_v2_ansi_vial/quantum/matrix.o
LOAD .build/obj_nuphy_air75_v2_ansi_vial/quantum/debounce/sym_defer_g.o
LOAD .build/obj_nuphy_air75_v2_ansi_vial/quantum/main.o
LOAD .build/obj_nuphy_air75_v2_ansi_vial/printf.o
LOAD .build/obj_nuphy_air75_v2_ansi_vial/eeprom_driver.o
LOAD .build/obj_nuphy_air75_v2_ansi_vial/eeprom_legacy_emulated_flash.o
LOAD .build/obj_nuphy_air75_v2_ansi_vial/legacy_flash_ops.o
LOAD .build/obj_nuphy_air75_v2_ansi_vial/quantum/color.o
LOAD .build/obj_nuphy_air75_v2_ansi_vial/quantum/rgb_matrix/rgb_matrix.o
LOAD .build/obj_nuphy_air75_v2_ansi_vial/quantum/rgb_matrix/rgb_matrix_drivers.o
LOAD .build/obj_nuphy_air75_v2_ansi_vial/quantum/process_keycode/process_rgb.o
LOAD .build/obj_nuphy_air75_v2_ansi_vial/quantum/led_tables.o
LOAD .build/obj_nuphy_air75_v2_ansi_vial/quantum/vial.o
LOAD .build/obj_nuphy_air75_v2_ansi_vial/quantum/vialrgb.o
LOAD .build/obj_nuphy_air75_v2_ansi_vial/quantum/qmk_settings.o
LOAD .build/obj_nuphy_air75_v2_ansi_vial/lib/lib8tion/lib8tion.o
LOAD .build/obj_nuphy_air75_v2_ansi_vial/ws2812_bitbang.o
LOAD .build/obj_nuphy_air75_v2_ansi_vial/quantum/process_keycode/process_auto_shift.o
LOAD .build/obj_nuphy_air75_v2_ansi_vial/quantum/bootmagic/bootmagic.o
LOAD .build/obj_nuphy_air75_v2_ansi_vial/quantum/process_keycode/process_combo.o
LOAD .build/obj_nuphy_air75_v2_ansi_vial/quantum/dynamic_keymap.o
LOAD .build/obj_nuphy_air75_v2_ansi_vial/quantum/process_keycode/process_grave_esc.o
LOAD .build/obj_nuphy_air75_v2_ansi_vial/quantum/process_keycode/process_key_lock.o
LOAD .build/obj_nuphy_air75_v2_ansi_vial/quantum/process_keycode/process_key_override.o
LOAD .build/obj_nuphy_air75_v2_ansi_vial/quantum/process_keycode/process_magic.o
LOAD .build/obj_nuphy_air75_v2_ansi_vial/quantum/mousekey.o
LOAD .build/obj_nuphy_air75_v2_ansi_vial/quantum/send_string/send_string.o
LOAD .build/obj_nuphy_air75_v2_ansi_vial/quantum/process_keycode/process_space_cadet.o
LOAD .build/obj_nuphy_air75_v2_ansi_vial/quantum/process_keycode/process_tap_dance.o
LOAD .build/obj_nuphy_air75_v2_ansi_vial/quantum/process_keycode/process_tri_layer.o
LOAD .build/obj_nuphy_air75_v2_ansi_vial/quantum/tri_layer.o
LOAD .build/obj_nuphy_air75_v2_ansi_vial/quantum/via.o
LOAD .build/obj_nuphy_air75_v2_ansi_vial/protocol/host.o
LOAD .build/obj_nuphy_air75_v2_ansi_vial/protocol/report.o
LOAD .build/obj_nuphy_air75_v2_ansi_vial/protocol/usb_device_state.o
LOAD .build/obj_nuphy_air75_v2_ansi_vial/protocol/usb_util.o
LOAD .build/obj_nuphy_air75_v2_ansi_vial/platforms/suspend.o
LOAD .build/obj_nuphy_air75_v2_ansi_vial/platforms/synchronization_util.o
LOAD .build/obj_nuphy_air75_v2_ansi_vial/platforms/timer.o
LOAD .build/obj_nuphy_air75_v2_ansi_vial/platforms/chibios/hardware_id.o
LOAD .build/obj_nuphy_air75_v2_ansi_vial/platforms/chibios/platform.o
LOAD .build/obj_nuphy_air75_v2_ansi_vial/platforms/chibios/suspend.o
LOAD .build/obj_nuphy_air75_v2_ansi_vial/platforms/chibios/timer.o
LOAD .build/obj_nuphy_air75_v2_ansi_vial/platforms/chibios/bootloaders/stm32_dfu.o
LOAD .build/obj_nuphy_air75_v2_ansi_vial/uart_serial.a
LOAD .build/obj_nuphy_air75_v2_ansi_vial/./lib/chibios/os/common/startup/ARMCMx/compilers/GCC/crt0_v6m.o
LOAD .build/obj_nuphy_air75_v2_ansi_vial/./lib/chibios/os/common/startup/ARMCMx/compilers/GCC/vectors.o
LOAD .build/obj_nuphy_air75_v2_ansi_vial/./lib/chibios/os/common/ports/ARMv6-M/compilers/GCC/chcoreasm.o
LOAD .build/obj_nuphy_air75_v2_ansi_vial/protocol/chibios/usb_main.o
LOAD .build/obj_nuphy_air75_v2_ansi_vial/protocol/chibios/chibios.o
LOAD .build/obj_nuphy_air75_v2_ansi_vial/usb_descriptor.o
LOAD .build/obj_nuphy_air75_v2_ansi_vial/protocol/chibios/usb_driver.o
LOAD .build/obj_nuphy_air75_v2_ansi_vial/protocol/chibios/usb_util.o
LOAD .build/obj_nuphy_air75_v2_ansi_vial/./lib/chibios/os/oslib/src/chmboxes.o
LOAD .build/obj_nuphy_air75_v2_ansi_vial/./lib/chibios/os/oslib/src/chmemcore.o
LOAD .build/obj_nuphy_air75_v2_ansi_vial/./lib/chibios/os/oslib/src/chmemheaps.o
LOAD .build/obj_nuphy_air75_v2_ansi_vial/./lib/chibios/os/oslib/src/chmempools.o
LOAD .build/obj_nuphy_air75_v2_ansi_vial/./lib/chibios/os/oslib/src/chpipes.o
LOAD .build/obj_nuphy_air75_v2_ansi_vial/./lib/chibios/os/oslib/src/chobjcaches.o
LOAD .build/obj_nuphy_air75_v2_ansi_vial/./lib/chibios/os/oslib/src/chdelegates.o
LOAD .build/obj_nuphy_air75_v2_ansi_vial/./lib/chibios/os/oslib/src/chfactory.o
LOAD .build/obj_nuphy_air75_v2_ansi_vial/lib/chibios/os/common/startup/ARMCMx/compilers/GCC/crt1.o
LOAD .build/obj_nuphy_air75_v2_ansi_vial/lib/chibios/os/rt/src/chsys.o
LOAD .build/obj_nuphy_air75_v2_ansi_vial/lib/chibios/os/rt/src/chrfcu.o
LOAD .build/obj_nuphy_air75_v2_ansi_vial/lib/chibios/os/rt/src/chdebug.o
LOAD .build/obj_nuphy_air75_v2_ansi_vial/lib/chibios/os/rt/src/chtrace.o
LOAD .build/obj_nuphy_air75_v2_ansi_vial/lib/chibios/os/rt/src/chvt.o
LOAD .build/obj_nuphy_air75_v2_ansi_vial/lib/chibios/os/rt/src/chschd.o
LOAD .build/obj_nuphy_air75_v2_ansi_vial/lib/chibios/os/rt/src/chinstances.o
LOAD .build/obj_nuphy_air75_v2_ansi_vial/lib/chibios/os/rt/src/chthreads.o
LOAD .build/obj_nuphy_air75_v2_ansi_vial/lib/chibios/os/rt/src/chtm.o
LOAD .build/obj_nuphy_air75_v2_ansi_vial/lib/chibios/os/rt/src/chstats.o
LOAD .build/obj_nuphy_air75_v2_ansi_vial/lib/chibios/os/rt/src/chregistry.o
LOAD .build/obj_nuphy_air75_v2_ansi_vial/lib/chibios/os/rt/src/chsem.o
LOAD .build/obj_nuphy_air75_v2_ansi_vial/lib/chibios/os/rt/src/chmtx.o
LOAD .build/obj_nuphy_air75_v2_ansi_vial/lib/chibios/os/rt/src/chcond.o
LOAD .build/obj_nuphy_air75_v2_ansi_vial/lib/chibios/os/rt/src/chevents.o
LOAD .build/obj_nuphy_air75_v2_ansi_vial/lib/chibios/os/rt/src/chmsg.o
LOAD .build/obj_nuphy_air75_v2_ansi_vial/lib/chibios/os/rt/src/chdynamic.o
LOAD .build/obj_nuphy_air75_v2_ansi_vial/lib/chibios/os/common/ports/ARMv6-M/chcore.o
LOAD .build/obj_nuphy_air75_v2_ansi_vial/lib/chibios/os/hal/osal/rt-nil/osal.o
LOAD .build/obj_nuphy_air75_v2_ansi_vial/lib/chibios/os/hal/src/hal.o
LOAD .build/obj_nuphy_air75_v2_ansi_vial/lib/chibios/os/hal/src/hal_st.o
LOAD .build/obj_nuphy_air75_v2_ansi_vial/lib/chibios/os/hal/src/hal_buffers.o
LOAD .build/obj_nuphy_air75_v2_ansi_vial/lib/chibios/os/hal/src/hal_queues.o
LOAD .build/obj_nuphy_air75_v2_ansi_vial/lib/chibios/os/hal/src/hal_flash.o
LOAD .build/obj_nuphy_air75_v2_ansi_vial/lib/chibios/os/hal/src/hal_mmcsd.o
LOAD .build/obj_nuphy_air75_v2_ansi_vial/lib/chibios/os/hal/src/hal_adc.o
LOAD .build/obj_nuphy_air75_v2_ansi_vial/lib/chibios/os/hal/src/hal_can.o
LOAD .build/obj_nuphy_air75_v2_ansi_vial/lib/chibios/os/hal/src/hal_crypto.o
LOAD .build/obj_nuphy_air75_v2_ansi_vial/lib/chibios/os/hal/src/hal_dac.o
LOAD .build/obj_nuphy_air75_v2_ansi_vial/lib/chibios/os/hal/src/hal_efl.o
LOAD .build/obj_nuphy_air75_v2_ansi_vial/lib/chibios/os/hal/src/hal_gpt.o
LOAD .build/obj_nuphy_air75_v2_ansi_vial/lib/chibios/os/hal/src/hal_i2c.o
LOAD .build/obj_nuphy_air75_v2_ansi_vial/lib/chibios/os/hal/src/hal_i2s.o
LOAD .build/obj_nuphy_air75_v2_ansi_vial/lib/chibios/os/hal/src/hal_icu.o
LOAD .build/obj_nuphy_air75_v2_ansi_vial/lib/chibios/os/hal/src/hal_mac.o
LOAD .build/obj_nuphy_air75_v2_ansi_vial/lib/chibios/os/hal/src/hal_mmc_spi.o
LOAD .build/obj_nuphy_air75_v2_ansi_vial/lib/chibios/os/hal/src/hal_pal.o
LOAD .build/obj_nuphy_air75_v2_ansi_vial/lib/chibios/os/hal/src/hal_pwm.o
LOAD .build/obj_nuphy_air75_v2_ansi_vial/lib/chibios/os/hal/src/hal_rtc.o
LOAD .build/obj_nuphy_air75_v2_ansi_vial/lib/chibios/os/hal/src/hal_sdc.o
LOAD .build/obj_nuphy_air75_v2_ansi_vial/lib/chibios/os/hal/src/hal_serial.o
LOAD .build/obj_nuphy_air75_v2_ansi_vial/lib/chibios/os/hal/src/hal_serial_usb.o
LOAD .build/obj_nuphy_air75_v2_ansi_vial/lib/chibios/os/hal/src/hal_sio.o
LOAD .build/obj_nuphy_air75_v2_ansi_vial/lib/chibios/os/hal/src/hal_spi.o
LOAD .build/obj_nuphy_air75_v2_ansi_vial/lib/chibios/os/hal/src/hal_trng.o
LOAD .build/obj_nuphy_air75_v2_ansi_vial/lib/chibios/os/hal/src/hal_uart.o
LOAD .build/obj_nuphy_air75_v2_ansi_vial/lib/chibios/os/hal/src/hal_usb.o
LOAD .build/obj_nuphy_air75_v2_ansi_vial/lib/chibios/os/hal/src/hal_wdg.o
LOAD .build/obj_nuphy_air75_v2_ansi_vial/lib/chibios/os/hal/src/hal_wspi.o
LOAD .build/obj_nuphy_air75_v2_ansi_vial/lib/chibios/os/hal/ports/common/ARMCMx/nvic.o
LOAD .build/obj_nuphy_air75_v2_ansi_vial/lib/chibios/os/hal/ports/STM32/STM32F0xx/stm32_isr.o
LOAD .build/obj_nuphy_air75_v2_ansi_vial/lib/chibios/os/hal/ports/STM32/STM32F0xx/hal_lld.o
LOAD .build/obj_nuphy_air75_v2_ansi_vial/lib/chibios/os/hal/ports/STM32/STM32F0xx/hal_efl_lld.o
LOAD .build/obj_nuphy_air75_v2_ansi_vial/lib/chibios/os/hal/ports/STM32/LLD/ADCv1/hal_adc_lld.o
LOAD .build/obj_nuphy_air75_v2_ansi_vial/lib/chibios/os/hal/ports/STM32/LLD/CANv1/hal_can_lld.o
LOAD .build/obj_nuphy_air75_v2_ansi_vial/lib/chibios/os/hal/ports/STM32/LLD/DACv1/hal_dac_lld.o
LOAD .build/obj_nuphy_air75_v2_ansi_vial/lib/chibios/os/hal/ports/STM32/LLD/DMAv1/stm32_dma.o
LOAD .build/obj_nuphy_air75_v2_ansi_vial/lib/chibios/os/hal/ports/STM32/LLD/EXTIv1/stm32_exti.o
LOAD .build/obj_nuphy_air75_v2_ansi_vial/lib/chibios/os/hal/ports/STM32/LLD/GPIOv2/hal_pal_lld.o
LOAD .build/obj_nuphy_air75_v2_ansi_vial/lib/chibios/os/hal/ports/STM32/LLD/I2Cv2/hal_i2c_lld.o
LOAD .build/obj_nuphy_air75_v2_ansi_vial/lib/chibios/os/hal/ports/STM32/LLD/RTCv2/hal_rtc_lld.o
LOAD .build/obj_nuphy_air75_v2_ansi_vial/lib/chibios/os/hal/ports/STM32/LLD/SPIv2/hal_i2s_lld.o
LOAD .build/obj_nuphy_air75_v2_ansi_vial/lib/chibios/os/hal/ports/STM32/LLD/SPIv2/hal_spi_v2_lld.o
LOAD .build/obj_nuphy_air75_v2_ansi_vial/lib/chibios/os/hal/ports/STM32/LLD/SYSTICKv1/hal_st_lld.o
LOAD .build/obj_nuphy_air75_v2_ansi_vial/lib/chibios/os/hal/ports/STM32/LLD/TIMv1/hal_gpt_lld.o
LOAD .build/obj_nuphy_air75_v2_ansi_vial/lib/chibios/os/hal/ports/STM32/LLD/TIMv1/hal_icu_lld.o
LOAD .build/obj_nuphy_air75_v2_ansi_vial/lib/chibios/os/hal/ports/STM32/LLD/TIMv1/hal_pwm_lld.o
LOAD .build/obj_nuphy_air75_v2_ansi_vial/lib/chibios/os/hal/ports/STM32/LLD/USARTv2/hal_serial_lld.o
LOAD .build/obj_nuphy_air75_v2_ansi_vial/lib/chibios/os/hal/ports/STM32/LLD/USARTv2/hal_sio_lld.o
LOAD .build/obj_nuphy_air75_v2_ansi_vial/lib/chibios/os/hal/ports/STM32/LLD/USARTv2/hal_uart_lld.o
LOAD .build/obj_nuphy_air75_v2_ansi_vial/lib/chibios/os/hal/ports/STM32/LLD/USBv1/hal_usb_lld.o
LOAD .build/obj_nuphy_air75_v2_ansi_vial/lib/chibios/os/hal/ports/STM32/LLD/xWDGv1/hal_wdg_lld.o
LOAD .build/obj_nuphy_air75_v2_ansi_vial/lib/chibios/os/hal/boards/ST_NUCLEO64_F072RB/board.o
LOAD .build/obj_nuphy_air75_v2_ansi_vial/lib/chibios/os/hal/lib/streams/chprintf.o
LOAD .build/obj_nuphy_air75_v2_ansi_vial/lib/chibios/os/hal/lib/streams/chscanf.o
LOAD .build/obj_nuphy_air75_v2_ansi_vial/lib/chibios/os/hal/lib/streams/memstreams.o
LOAD .build/obj_nuphy_air75_v2_ansi_vial/lib/chibios/os/hal/lib/streams/nullstreams.o
LOAD .build/obj_nuphy_air75_v2_ansi_vial/lib/chibios/os/hal/lib/streams/bufstreams.o
LOAD .build/obj_nuphy_air75_v2_ansi_vial/lib/chibios/os/various/syscalls.o
LOAD .build/obj_nuphy_air75_v2_ansi_vial/platforms/chibios/syscall-fallbacks.o
LOAD .build/obj_nuphy_air75_v2_ansi_vial/platforms/chibios/wait.o
LOAD .build/obj_nuphy_air75_v2_ansi_vial/platforms/chibios/synchronization_util.o
LOAD .build/obj_nuphy_air75_v2_ansi_vial/platforms/chibios/interrupt_handlers.o
                0x00000800                        __process_stack_size__ = 0x800
                0x00000400                        __main_stack_size__ = 0x400
LOAD c:/qmk_msys/mingw64/bin/../lib/gcc/arm-none-eabi/12.2.0/../../../../arm-none-eabi/lib/thumb/v6-m/nofp\libm.a
START GROUP
LOAD c:/qmk_msys/mingw64/bin/../lib/gcc/arm-none-eabi/12.2.0/thumb/v6-m/nofp\libgcc.a
LOAD c:/qmk_msys/mingw64/bin/../lib/gcc/arm-none-eabi/12.2.0/../../../../arm-none-eabi/lib/thumb/v6-m/nofp\libg_nano.a
LOAD c:/qmk_msys/mingw64/bin/../lib/gcc/arm-none-eabi/12.2.0/../../../../arm-none-eabi/lib/thumb/v6-m/nofp\libc_nano.a
END GROUP
START GROUP
LOAD c:/qmk_msys/mingw64/bin/../lib/gcc/arm-none-eabi/12.2.0/thumb/v6-m/nofp\libgcc.a
LOAD c:/qmk_msys/mingw64/bin/../lib/gcc/arm-none-eabi/12.2.0/../../../../arm-none-eabi/lib/thumb/v6-m/nofp\libc_nano.a
END GROUP

.mstack         0x20000000      0x400
                0x20000000                        . = ALIGN (0x8)
                0x20000000                        __main_stack_base__ = .
                0x20000400                        . = (. + __main_stack_size__)
 *fill*         0x20000000      0x400 
                0x20000400                        . = ALIGN (0x8)
                0x20000400                        __main_stack_end__ = .

.pstack         0x20000400      0x800
                0x20000400                        . = ALIGN (0x8)
                0x20000400                        __process_stack_base__ = .
                0x20000400                        __main_thread_stack_base__ = .
                0x20000c00                        . = (. + __process_stack_size__)
 *fill*         0x20000400      0x800 
                0x20000c00                        . = ALIGN (0x8)
                0x20000c00                        __process_stack_end__ = .
                0x20000c00                        __main_thread_stack_end__ = .

.vectors        0x08000000       0xc0
                0x08000000                        __textvectors_base__ = LOADADDR (.vectors)
                0x08000000                        __vectors_base__ = .
 *(.vectors)
 .vectors       0x08000000       0xc0 .build/obj_nuphy_air75_v2_ansi_vial/./lib/chibios/os/common/startup/ARMCMx/compilers/GCC/vectors.o
                0x08000000                _vectors
                0x080000c0                        __vectors_end__ = .

.xtors          0x080000c0        0x0
                0x080000c0                        __init_array_base__ = .
 *(SORT_BY_NAME(.init_array.*))
 *(.init_array)
                0x080000c0                        __init_array_end__ = .
                0x080000c0                        __fini_array_base__ = .
 *(.fini_array)
 *(SORT_BY_NAME(.fini_array.*))
                0x080000c0                        __fini_array_end__ = .

.text           0x080000c0     0xffc4
                0x080000c0                        __text_base__ = .
 *(.text)
 .text          0x080000c0       0xd0 .build/obj_nuphy_air75_v2_ansi_vial/./lib/chibios/os/common/startup/ARMCMx/compilers/GCC/crt0_v6m.o
                0x080000c0                _crt0_entry
 .text          0x08000190        0x8 .build/obj_nuphy_air75_v2_ansi_vial/./lib/chibios/os/common/startup/ARMCMx/compilers/GCC/vectors.o
                0x08000190                Reset_Handler
                0x08000192                Vector9C
                0x08000192                DebugMon_Handler
                0x08000192                Vector5C
                0x08000192                HardFault_Handler
                0x08000192                Vector8C
                0x08000192                SysTick_Handler
                0x08000192                PendSV_Handler
                0x08000192                Vector94
                0x08000192                VectorA8
                0x08000192                Vector74
                0x08000192                UsageFault_Handler
                0x08000192                Vector40
                0x08000192                Vector64
                0x08000192                Vector58
                0x08000192                Vector54
                0x08000192                Vector98
                0x08000192                Vector24
                0x08000192                Vector84
                0x08000192                SecureFault_Handler
                0x08000192                MemManage_Handler
                0x08000192                Vector6C
                0x08000192                VectorA0
                0x08000192                SVC_Handler
                0x08000192                Vector90
                0x08000192                Vector60
                0x08000192                Vector48
                0x08000192                Vector70
                0x08000192                Vector4C
                0x08000192                Vector80
                0x08000192                Vector68
                0x08000192                Vector78
                0x08000192                VectorA4
                0x08000192                Vector88
                0x08000192                BusFault_Handler
                0x08000192                Vector50
                0x08000192                Vector44
                0x08000192                Vector28
                0x08000192                VectorB8
                0x08000192                Vector34
                0x08000192                Vector20
                0x08000196                _unhandled_exception
 .text          0x08000198       0x44 .build/obj_nuphy_air75_v2_ansi_vial/./lib/chibios/os/common/ports/ARMv6-M/compilers/GCC/chcoreasm.o
                0x08000198                __port_switch
                0x080001b8                __port_thread_start
                0x080001c6                __port_switch_from_isr
                0x080001ca                __port_exit_from_isr
 .text          0x080001dc       0x14 c:/qmk_msys/mingw64/bin/../lib/gcc/arm-none-eabi/12.2.0/thumb/v6-m/nofp\libgcc.a(_thumb1_case_sqi.o)
                0x080001dc                __gnu_thumb1_case_sqi
 .text          0x080001f0       0x14 c:/qmk_msys/mingw64/bin/../lib/gcc/arm-none-eabi/12.2.0/thumb/v6-m/nofp\libgcc.a(_thumb1_case_uqi.o)
                0x080001f0                __gnu_thumb1_case_uqi
 .text          0x08000204       0x14 c:/qmk_msys/mingw64/bin/../lib/gcc/arm-none-eabi/12.2.0/thumb/v6-m/nofp\libgcc.a(_thumb1_case_uhi.o)
                0x08000204                __gnu_thumb1_case_uhi
 .text          0x08000218       0x8c c:/qmk_msys/mingw64/bin/../lib/gcc/arm-none-eabi/12.2.0/thumb/v6-m/nofp\libgcc.a(_udivsi3.o)
                0x08000218                __aeabi_uidiv
                0x08000218                __udivsi3
                0x08000290                __aeabi_uidivmod
 .text          0x080002a4       0xa8 c:/qmk_msys/mingw64/bin/../lib/gcc/arm-none-eabi/12.2.0/thumb/v6-m/nofp\libgcc.a(_divsi3.o)
                0x080002a4                __divsi3
                0x080002a4                __aeabi_idiv
                0x08000338                __aeabi_idivmod
 .text          0x0800034c        0x4 c:/qmk_msys/mingw64/bin/../lib/gcc/arm-none-eabi/12.2.0/thumb/v6-m/nofp\libgcc.a(_dvmd_tls.o)
                0x0800034c                __aeabi_idiv0
                0x0800034c                __aeabi_ldiv0
 .text          0x08000350       0x18 c:/qmk_msys/mingw64/bin/../lib/gcc/arm-none-eabi/12.2.0/thumb/v6-m/nofp\libgcc.a(_ashldi3.o)
                0x08000350                __aeabi_llsl
                0x08000350                __ashldi3
 .text          0x08000368       0x40 c:/qmk_msys/mingw64/bin/../lib/gcc/arm-none-eabi/12.2.0/thumb/v6-m/nofp\libgcc.a(_aeabi_uldivmod.o)
                0x08000368                __aeabi_uldivmod
 .text          0x080003a8       0x18 c:/qmk_msys/mingw64/bin/../lib/gcc/arm-none-eabi/12.2.0/thumb/v6-m/nofp\libgcc.a(_lshrdi3.o)
                0x080003a8                __lshrdi3
                0x080003a8                __aeabi_llsr
 .text          0x080003c0       0x18 c:/qmk_msys/mingw64/bin/../lib/gcc/arm-none-eabi/12.2.0/thumb/v6-m/nofp\libgcc.a(_clzdi2.o)
                0x080003c0                __clzdi2
 .text          0x080003d8       0x3c c:/qmk_msys/mingw64/bin/../lib/gcc/arm-none-eabi/12.2.0/thumb/v6-m/nofp\libgcc.a(_clzsi2.o)
                0x080003d8                __clzsi2
 .text          0x08000414       0x10 c:/qmk_msys/mingw64/bin/../lib/gcc/arm-none-eabi/12.2.0/../../../../arm-none-eabi/lib/thumb/v6-m/nofp\libg_nano.a(libc_a-abort.o)
                0x08000414                abort
 .text          0x08000424       0xe8 c:/qmk_msys/mingw64/bin/../lib/gcc/arm-none-eabi/12.2.0/../../../../arm-none-eabi/lib/thumb/v6-m/nofp\libg_nano.a(libc_a-rand.o)
                0x08000424                srand
                0x08000484                rand
 .text          0x0800050c       0x44 c:/qmk_msys/mingw64/bin/../lib/gcc/arm-none-eabi/12.2.0/../../../../arm-none-eabi/lib/thumb/v6-m/nofp\libg_nano.a(libc_a-memcmp.o)
                0x0800050c                memcmp
 .text          0x08000550       0xb0 c:/qmk_msys/mingw64/bin/../lib/gcc/arm-none-eabi/12.2.0/../../../../arm-none-eabi/lib/thumb/v6-m/nofp\libg_nano.a(libc_a-memmove.o)
                0x08000550                memmove
 .text          0x08000600       0xa8 c:/qmk_msys/mingw64/bin/../lib/gcc/arm-none-eabi/12.2.0/../../../../arm-none-eabi/lib/thumb/v6-m/nofp\libg_nano.a(libc_a-memset.o)
                0x08000600                memset
 .text          0x080006a8      0x264 c:/qmk_msys/mingw64/bin/../lib/gcc/arm-none-eabi/12.2.0/../../../../arm-none-eabi/lib/thumb/v6-m/nofp\libg_nano.a(libc_a-signal.o)
                0x080006a8                _init_signal_r
                0x080006d8                _signal_r
                0x0800071c                _raise_r
                0x08000770                __sigtramp_r
                0x080007cc                raise
                0x08000824                signal
                0x08000870                _init_signal
                0x080008a8                __sigtramp
 .text          0x0800090c       0x30 c:/qmk_msys/mingw64/bin/../lib/gcc/arm-none-eabi/12.2.0/../../../../arm-none-eabi/lib/thumb/v6-m/nofp\libg_nano.a(libc_a-signalr.o)
                0x0800090c                _kill_r
                0x08000934                _getpid_r
 .text          0x0800093c       0x90 c:/qmk_msys/mingw64/bin/../lib/gcc/arm-none-eabi/12.2.0/../../../../arm-none-eabi/lib/thumb/v6-m/nofp\libg_nano.a(libc_a-memcpy-stub.o)
                0x0800093c                memcpy
 .text          0x080009cc       0x4c c:/qmk_msys/mingw64/bin/../lib/gcc/arm-none-eabi/12.2.0/../../../../arm-none-eabi/lib/thumb/v6-m/nofp\libg_nano.a(libc_a-assert.o)
                0x080009cc                __assert_func
                0x08000a0c                __assert
 .text          0x08000a18       0x28 c:/qmk_msys/mingw64/bin/../lib/gcc/arm-none-eabi/12.2.0/../../../../arm-none-eabi/lib/thumb/v6-m/nofp\libg_nano.a(libc_a-malloc.o)
                0x08000a18                malloc
                0x08000a2c                free
 .text          0x08000a40      0x158 c:/qmk_msys/mingw64/bin/../lib/gcc/arm-none-eabi/12.2.0/../../../../arm-none-eabi/lib/thumb/v6-m/nofp\libg_nano.a(libc_a-mallocr.o)
                0x08000a88                _malloc_r
 .text          0x08000b98       0x20 c:/qmk_msys/mingw64/bin/../lib/gcc/arm-none-eabi/12.2.0/../../../../arm-none-eabi/lib/thumb/v6-m/nofp\libg_nano.a(libc_a-mlock.o)
                0x08000b98                __malloc_lock
                0x08000ba8                __malloc_unlock
 .text          0x08000bb8       0x3c c:/qmk_msys/mingw64/bin/../lib/gcc/arm-none-eabi/12.2.0/../../../../arm-none-eabi/lib/thumb/v6-m/nofp\libg_nano.a(libc_a-fprintf.o)
                0x08000bb8                _fprintf_r
                0x08000bb8                _fiprintf_r
                0x08000bd0                fiprintf
                0x08000bd0                fprintf
 .text          0x08000bf4       0x28 c:/qmk_msys/mingw64/bin/../lib/gcc/arm-none-eabi/12.2.0/../../../../arm-none-eabi/lib/thumb/v6-m/nofp\libg_nano.a(libc_a-lock.o)
                0x08000bf4                __retarget_lock_init
                0x08000bf8                __retarget_lock_init_recursive
                0x08000bfc                __retarget_lock_close
                0x08000c00                __retarget_lock_close_recursive
                0x08000c04                __retarget_lock_acquire
                0x08000c08                __retarget_lock_acquire_recursive
                0x08000c0c                __retarget_lock_try_acquire
                0x08000c10                __retarget_lock_try_acquire_recursive
                0x08000c14                __retarget_lock_release
                0x08000c18                __retarget_lock_release_recursive
 .text          0x08000c1c       0xb8 c:/qmk_msys/mingw64/bin/../lib/gcc/arm-none-eabi/12.2.0/../../../../arm-none-eabi/lib/thumb/v6-m/nofp\libg_nano.a(libc_a-freer.o)
                0x08000c1c                _free_r
 .text          0x08000cd4      0x368 c:/qmk_msys/mingw64/bin/../lib/gcc/arm-none-eabi/12.2.0/../../../../arm-none-eabi/lib/thumb/v6-m/nofp\libg_nano.a(libc_a-nano-vfprintf.o)
                0x08000cfc                __sfputs_r
                0x08000d28                __sprint_r
                0x08000d48                _vfiprintf_r
                0x08000d48                _vfprintf_r
                0x08001024                vfprintf
                0x08001024                vfiprintf
 .text          0x0800103c      0x3b4 c:/qmk_msys/mingw64/bin/../lib/gcc/arm-none-eabi/12.2.0/../../../../arm-none-eabi/lib/thumb/v6-m/nofp\libg_nano.a(libc_a-nano-vfprintf_i.o)
                0x0800103c                _printf_common
                0x08001184                _printf_i
 .text          0x080013f0      0x308 c:/qmk_msys/mingw64/bin/../lib/gcc/arm-none-eabi/12.2.0/../../../../arm-none-eabi/lib/thumb/v6-m/nofp\libg_nano.a(libc_a-findfp.o)
                0x08001598                __sfp
                0x08001660                __sinit
                0x08001698                __sfp_lock_acquire
                0x080016a8                __sfp_lock_release
                0x080016b8                __fp_lock_all
                0x080016d8                __fp_unlock_all
 .text          0x080016f8      0x310 c:/qmk_msys/mingw64/bin/../lib/gcc/arm-none-eabi/12.2.0/../../../../arm-none-eabi/lib/thumb/v6-m/nofp\libg_nano.a(libc_a-fvwrite.o)
                0x080016f8                __sfvwrite_r
 .text          0x08001a08       0x44 c:/qmk_msys/mingw64/bin/../lib/gcc/arm-none-eabi/12.2.0/../../../../arm-none-eabi/lib/thumb/v6-m/nofp\libg_nano.a(libc_a-fwalk.o)
                0x08001a08                _fwalk_sglue
 .text          0x08001a4c       0xa8 c:/qmk_msys/mingw64/bin/../lib/gcc/arm-none-eabi/12.2.0/../../../../arm-none-eabi/lib/thumb/v6-m/nofp\libg_nano.a(libc_a-stdio.o)
                0x08001a4c                __sread
                0x08001a74                __seofread
                0x08001a78                __swrite
                0x08001ab8                __sseek
                0x08001ae8                __sclose
 .text          0x08001af4       0xb4 c:/qmk_msys/mingw64/bin/../lib/gcc/arm-none-eabi/12.2.0/../../../../arm-none-eabi/lib/thumb/v6-m/nofp\libg_nano.a(libc_a-wbuf.o)
                0x08001af4                __swbuf_r
                0x08001b90                __swbuf
 .text          0x08001ba8       0xc8 c:/qmk_msys/mingw64/bin/../lib/gcc/arm-none-eabi/12.2.0/../../../../arm-none-eabi/lib/thumb/v6-m/nofp\libg_nano.a(libc_a-wsetup.o)
                0x08001ba8                __swsetup_r
 .text          0x08001c70       0x74 c:/qmk_msys/mingw64/bin/../lib/gcc/arm-none-eabi/12.2.0/../../../../arm-none-eabi/lib/thumb/v6-m/nofp\libg_nano.a(libc_a-memchr-stub.o)
                0x08001c70                memchr
 .text          0x08001ce4       0x78 c:/qmk_msys/mingw64/bin/../lib/gcc/arm-none-eabi/12.2.0/../../../../arm-none-eabi/lib/thumb/v6-m/nofp\libg_nano.a(libc_a-reallocr.o)
                0x08001ce4                _realloc_r
 .text          0x08001d5c      0x1b0 c:/qmk_msys/mingw64/bin/../lib/gcc/arm-none-eabi/12.2.0/../../../../arm-none-eabi/lib/thumb/v6-m/nofp\libg_nano.a(libc_a-fflush.o)
                0x08001d5c                __sflush_r
                0x08001e80                _fflush_r
                0x08001edc                fflush
 .text          0x08001f0c      0x110 c:/qmk_msys/mingw64/bin/../lib/gcc/arm-none-eabi/12.2.0/../../../../arm-none-eabi/lib/thumb/v6-m/nofp\libg_nano.a(libc_a-makebuf.o)
                0x08001f0c                __smakebuf_r
                0x08001fd0                __swhatbuf_r
 .text          0x0800201c       0x14 c:/qmk_msys/mingw64/bin/../lib/gcc/arm-none-eabi/12.2.0/../../../../arm-none-eabi/lib/thumb/v6-m/nofp\libg_nano.a(libc_a-msizer.o)
                0x0800201c                _malloc_usable_size_r
 *(.text.*)
 .text.count_rgb_light
                0x08002030       0x34 .build/obj_nuphy_air75_v2_ansi_vial/side.o
 .text.side_rgb_set_color
                0x08002064       0x18 .build/obj_nuphy_air75_v2_ansi_vial/side.o
                0x08002064                side_rgb_set_color
 .text.side_rgb_refresh
                0x0800207c       0x10 .build/obj_nuphy_air75_v2_ansi_vial/side.o
                0x0800207c                side_rgb_refresh
 .text.side_light_contol
                0x0800208c       0x30 .build/obj_nuphy_air75_v2_ansi_vial/side.o
                0x0800208c                side_light_contol
 .text.side_speed_contol
                0x080020bc       0x38 .build/obj_nuphy_air75_v2_ansi_vial/side.o
                0x080020bc                side_speed_contol
 .text.side_colour_control
                0x080020f4       0x74 .build/obj_nuphy_air75_v2_ansi_vial/side.o
                0x080020f4                side_colour_control
 .text.side_mode_control
                0x08002168       0x34 .build/obj_nuphy_air75_v2_ansi_vial/side.o
                0x08002168                side_mode_control
 .text.set_left_rgb
                0x0800219c       0x1e .build/obj_nuphy_air75_v2_ansi_vial/side.o
                0x0800219c                set_left_rgb
 .text.set_right_rgb
                0x080021ba       0x1e .build/obj_nuphy_air75_v2_ansi_vial/side.o
                0x080021ba                set_right_rgb
 .text.sys_sw_led_show
                0x080021d8       0x9c .build/obj_nuphy_air75_v2_ansi_vial/side.o
                0x080021d8                sys_sw_led_show
 .text.sleep_sw_led_show
                0x08002274       0xa0 .build/obj_nuphy_air75_v2_ansi_vial/side.o
                0x08002274                sleep_sw_led_show
 .text.sys_led_show
                0x08002314       0x2c .build/obj_nuphy_air75_v2_ansi_vial/side.o
                0x08002314                sys_led_show
 .text.rf_led_show
                0x08002340       0xdc .build/obj_nuphy_air75_v2_ansi_vial/side.o
                0x08002340                rf_led_show
 .text.bat_num_led
                0x0800241c       0xdc .build/obj_nuphy_air75_v2_ansi_vial/side.o
                0x0800241c                bat_num_led
 .text.num_led_show
                0x080024f8       0x10 .build/obj_nuphy_air75_v2_ansi_vial/side.o
                0x080024f8                num_led_show
 .text.bat_percent_led
                0x08002508       0x8a .build/obj_nuphy_air75_v2_ansi_vial/side.o
                0x08002508                bat_percent_led
 *fill*         0x08002592        0x2 
 .text.bat_led_show
                0x08002594      0x180 .build/obj_nuphy_air75_v2_ansi_vial/side.o
                0x08002594                bat_led_show
 .text.device_reset_show
                0x08002714       0x94 .build/obj_nuphy_air75_v2_ansi_vial/side.o
                0x08002714                device_reset_show
 .text.device_reset_init
                0x080027a8       0xa4 .build/obj_nuphy_air75_v2_ansi_vial/side.o
                0x080027a8                device_reset_init
 .text.rgb_test_show
                0x0800284c      0x168 .build/obj_nuphy_air75_v2_ansi_vial/side.o
                0x0800284c                rgb_test_show
 .text.side_led_show
                0x080029b4      0x2a4 .build/obj_nuphy_air75_v2_ansi_vial/side.o
                0x080029b4                side_led_show
 .text.RF_Protocol_Receive
                0x08002c58      0x148 .build/obj_nuphy_air75_v2_ansi_vial/rf.o
                0x08002c58                RF_Protocol_Receive
 .text.UART_Send_Bytes
                0x08002da0       0x64 .build/obj_nuphy_air75_v2_ansi_vial/rf.o
                0x08002da0                UART_Send_Bytes
 .text.get_checksum
                0x08002e04       0x18 .build/obj_nuphy_air75_v2_ansi_vial/rf.o
                0x08002e04                get_checksum
 .text.uart_send_cmd
                0x08002e1c      0x218 .build/obj_nuphy_air75_v2_ansi_vial/rf.o
                0x08002e1c                uart_send_cmd
 .text.dev_sts_sync
                0x08003034      0x144 .build/obj_nuphy_air75_v2_ansi_vial/rf.o
                0x08003034                dev_sts_sync
 .text.uart_send_report
                0x08003178       0x64 .build/obj_nuphy_air75_v2_ansi_vial/rf.o
                0x08003178                uart_send_report
 .text.uart_send_report_func
                0x080031dc       0x74 .build/obj_nuphy_air75_v2_ansi_vial/rf.o
                0x080031dc                uart_send_report_func
 .text.uart_send_consumer_report
                0x08003250       0x18 .build/obj_nuphy_air75_v2_ansi_vial/rf.o
                0x08003250                uart_send_consumer_report
 .text.uart_send_mouse_report
                0x08003268       0x18 .build/obj_nuphy_air75_v2_ansi_vial/rf.o
                0x08003268                uart_send_mouse_report
 .text.uart_send_system_report
                0x08003280       0x18 .build/obj_nuphy_air75_v2_ansi_vial/rf.o
                0x08003280                uart_send_system_report
 .text.uart_send_report_keyboard
                0x08003298       0x2c .build/obj_nuphy_air75_v2_ansi_vial/rf.o
                0x08003298                uart_send_report_keyboard
 .text.uart_send_report_nkro
                0x080032c4       0xf8 .build/obj_nuphy_air75_v2_ansi_vial/rf.o
                0x080032c4                uart_send_report_nkro
 .text.uart_receive_pro
                0x080033bc       0x5c .build/obj_nuphy_air75_v2_ansi_vial/rf.o
                0x080033bc                uart_receive_pro
 .text.rf_uart_init
                0x08003418       0x48 .build/obj_nuphy_air75_v2_ansi_vial/rf.o
                0x08003418                rf_uart_init
 .text.rf_device_init
                0x08003460       0xbc .build/obj_nuphy_air75_v2_ansi_vial/rf.o
                0x08003460                rf_device_init
 .text.sleep_handle
                0x0800351c      0x178 .build/obj_nuphy_air75_v2_ansi_vial/sleep.o
                0x0800351c                sleep_handle
 .text.side_sendByte
                0x08003694       0x80 .build/obj_nuphy_air75_v2_ansi_vial/side_driver.o
                0x08003694                side_sendByte
 .text.side_ws2812_setleds
                0x08003714       0x4a .build/obj_nuphy_air75_v2_ansi_vial/side_driver.o
                0x08003714                side_ws2812_setleds
 *fill*         0x0800375e        0x2 
 .text.rf_keyboard_leds
                0x08003760        0xc .build/obj_nuphy_air75_v2_ansi_vial/rf_driver.o
 .text.rf_send_extra
                0x0800376c       0x18 .build/obj_nuphy_air75_v2_ansi_vial/rf_driver.o
 .text.rf_send_mouse
                0x08003784        0x8 .build/obj_nuphy_air75_v2_ansi_vial/rf_driver.o
 .text.rf_send_nkro
                0x0800378c       0x14 .build/obj_nuphy_air75_v2_ansi_vial/rf_driver.o
 .text.rf_send_keyboard
                0x080037a0       0x14 .build/obj_nuphy_air75_v2_ansi_vial/rf_driver.o
 .text.gpio_init
                0x080037b4       0x90 .build/obj_nuphy_air75_v2_ansi_vial/keyboards/nuphy/air75_v2/ansi/ansi.o
                0x080037b4                gpio_init
 .text.long_press_key
                0x08003844      0x140 .build/obj_nuphy_air75_v2_ansi_vial/keyboards/nuphy/air75_v2/ansi/ansi.o
                0x08003844                long_press_key
 .text.break_all_key
                0x08003984       0xd0 .build/obj_nuphy_air75_v2_ansi_vial/keyboards/nuphy/air75_v2/ansi/ansi.o
                0x08003984                break_all_key
 .text.switch_dev_link
                0x08003a54       0x54 .build/obj_nuphy_air75_v2_ansi_vial/keyboards/nuphy/air75_v2/ansi/ansi.o
                0x08003a54                switch_dev_link
 .text.dial_sw_scan
                0x08003aa8      0x124 .build/obj_nuphy_air75_v2_ansi_vial/keyboards/nuphy/air75_v2/ansi/ansi.o
                0x08003aa8                dial_sw_scan
 .text.dial_sw_fast_scan
                0x08003bcc       0xc0 .build/obj_nuphy_air75_v2_ansi_vial/keyboards/nuphy/air75_v2/ansi/ansi.o
                0x08003bcc                dial_sw_fast_scan
 .text.timer_pro
                0x08003c8c       0x78 .build/obj_nuphy_air75_v2_ansi_vial/keyboards/nuphy/air75_v2/ansi/ansi.o
                0x08003c8c                timer_pro
 .text.londing_eeprom_data
                0x08003d04       0x84 .build/obj_nuphy_air75_v2_ansi_vial/keyboards/nuphy/air75_v2/ansi/ansi.o
                0x08003d04                londing_eeprom_data
 .text.process_record_user
                0x08003d88      0x290 .build/obj_nuphy_air75_v2_ansi_vial/keyboards/nuphy/air75_v2/ansi/ansi.o
                0x08003d88                process_record_user
 .text.rgb_matrix_indicators_user
                0x08004018       0x24 .build/obj_nuphy_air75_v2_ansi_vial/keyboards/nuphy/air75_v2/ansi/ansi.o
                0x08004018                rgb_matrix_indicators_user
 .text.keyboard_post_init_user
                0x0800403c       0x3c .build/obj_nuphy_air75_v2_ansi_vial/keyboards/nuphy/air75_v2/ansi/ansi.o
                0x0800403c                keyboard_post_init_user
 .text.housekeeping_task_user
                0x08004078       0x24 .build/obj_nuphy_air75_v2_ansi_vial/keyboards/nuphy/air75_v2/ansi/ansi.o
                0x08004078                housekeeping_task_user
 .text.layer_state_set_user
                0x0800409c       0x5c .build/obj_nuphy_air75_v2_ansi_vial/quantum/keymap_introspection.o
                0x0800409c                layer_state_set_user
 .text.rgb_matrix_indicators_advanced_user
                0x080040f8       0xb0 .build/obj_nuphy_air75_v2_ansi_vial/quantum/keymap_introspection.o
                0x080040f8                rgb_matrix_indicators_advanced_user
 .text.keycode_at_keymap_location_raw
                0x080041a8       0x2c .build/obj_nuphy_air75_v2_ansi_vial/quantum/keymap_introspection.o
                0x080041a8                keycode_at_keymap_location_raw
 .text.extract_mod_bits
                0x080041d4       0x5c .build/obj_nuphy_air75_v2_ansi_vial/quantum/quantum.o
                0x080041d4                extract_mod_bits
 .text.do_code16
                0x08004230        0xc .build/obj_nuphy_air75_v2_ansi_vial/quantum/quantum.o
                0x08004230                do_code16
 .text.register_code16
                0x0800423c       0x2c .build/obj_nuphy_air75_v2_ansi_vial/quantum/quantum.o
                0x0800423c                register_code16
 .text.unregister_code16
                0x08004268       0x2c .build/obj_nuphy_air75_v2_ansi_vial/quantum/quantum.o
                0x08004268                unregister_code16
 .text.pre_process_record_user
                0x08004294        0x4 .build/obj_nuphy_air75_v2_ansi_vial/quantum/quantum.o
                0x08004294                pre_process_record_user
 .text.pre_process_record_kb
                0x08004298        0x8 .build/obj_nuphy_air75_v2_ansi_vial/quantum/quantum.o
                0x08004298                pre_process_record_kb
 .text.process_action_kb
                0x080042a0        0x4 .build/obj_nuphy_air75_v2_ansi_vial/quantum/quantum.o
                0x080042a0                process_action_kb
 .text.process_record_kb
                0x080042a4        0x8 .build/obj_nuphy_air75_v2_ansi_vial/quantum/quantum.o
                0x080042a4                process_record_kb
 .text.post_process_record_user
                0x080042ac        0x2 .build/obj_nuphy_air75_v2_ansi_vial/quantum/quantum.o
                0x080042ac                post_process_record_user
 .text.post_process_record_kb
                0x080042ae        0x8 .build/obj_nuphy_air75_v2_ansi_vial/quantum/quantum.o
                0x080042ae                post_process_record_kb
 *fill*         0x080042b6        0x2 
 .text.get_event_keycode
                0x080042b8       0x4c .build/obj_nuphy_air75_v2_ansi_vial/quantum/quantum.o
                0x080042b8                get_event_keycode
 .text.get_record_keycode
                0x08004304       0x1c .build/obj_nuphy_air75_v2_ansi_vial/quantum/quantum.o
                0x08004304                get_record_keycode
 .text.pre_process_record_quantum
                0x08004320       0x28 .build/obj_nuphy_air75_v2_ansi_vial/quantum/quantum.o
                0x08004320                pre_process_record_quantum
 .text.post_process_record_quantum
                0x08004348       0x12 .build/obj_nuphy_air75_v2_ansi_vial/quantum/quantum.o
                0x08004348                post_process_record_quantum
 .text.shutdown_user
                0x0800435a        0x4 .build/obj_nuphy_air75_v2_ansi_vial/quantum/quantum.o
                0x0800435a                shutdown_user
 .text.shutdown_kb
                0x0800435e        0x8 .build/obj_nuphy_air75_v2_ansi_vial/quantum/quantum.o
                0x0800435e                shutdown_kb
 *fill*         0x08004366        0x2 
 .text.shutdown_quantum
                0x08004368       0x1c .build/obj_nuphy_air75_v2_ansi_vial/quantum/quantum.o
                0x08004368                shutdown_quantum
 .text.reset_keyboard
                0x08004384        0xe .build/obj_nuphy_air75_v2_ansi_vial/quantum/quantum.o
                0x08004384                reset_keyboard
 .text.soft_reset_keyboard
                0x08004392        0xe .build/obj_nuphy_air75_v2_ansi_vial/quantum/quantum.o
                0x08004392                soft_reset_keyboard
 .text.process_record_quantum_helper
                0x080043a0      0x11c .build/obj_nuphy_air75_v2_ansi_vial/quantum/quantum.o
                0x080043a0                process_record_quantum_helper
 .text.process_record_quantum
                0x080044bc       0x12 .build/obj_nuphy_air75_v2_ansi_vial/quantum/quantum.o
                0x080044bc                process_record_quantum
 .text.suspend_wakeup_init_quantum
                0x080044ce       0x12 .build/obj_nuphy_air75_v2_ansi_vial/quantum/quantum.o
                0x080044ce                suspend_wakeup_init_quantum
 .text.biton    0x080044e0       0x1e .build/obj_nuphy_air75_v2_ansi_vial/quantum/bitwise.o
                0x080044e0                biton
 .text.bitrev   0x080044fe       0x26 .build/obj_nuphy_air75_v2_ansi_vial/quantum/bitwise.o
                0x080044fe                bitrev
 .text.bitrev16
                0x08004524       0x1a .build/obj_nuphy_air75_v2_ansi_vial/quantum/bitwise.o
                0x08004524                bitrev16
 .text.bitrev32
                0x0800453e       0x18 .build/obj_nuphy_air75_v2_ansi_vial/quantum/bitwise.o
                0x0800453e                bitrev32
 .text.led_set_user
                0x08004556        0x2 .build/obj_nuphy_air75_v2_ansi_vial/quantum/led.o
                0x08004556                led_set_user
 .text.led_update_user
                0x08004558        0x4 .build/obj_nuphy_air75_v2_ansi_vial/quantum/led.o
                0x08004558                led_update_user
 .text.led_update_ports
                0x0800455c        0x2 .build/obj_nuphy_air75_v2_ansi_vial/quantum/led.o
                0x0800455c                led_update_ports
 .text.led_update_kb
                0x0800455e       0x16 .build/obj_nuphy_air75_v2_ansi_vial/quantum/led.o
                0x0800455e                led_update_kb
 .text.led_init_ports
                0x08004574        0x2 .build/obj_nuphy_air75_v2_ansi_vial/quantum/led.o
                0x08004574                led_init_ports
 .text.led_set  0x08004576       0x10 .build/obj_nuphy_air75_v2_ansi_vial/quantum/led.o
                0x08004576                led_set
 .text.led_wakeup
                0x08004586        0xc .build/obj_nuphy_air75_v2_ansi_vial/quantum/led.o
                0x08004586                led_wakeup
 *fill*         0x08004592        0x2 
 .text.led_task
                0x08004594       0x2c .build/obj_nuphy_air75_v2_ansi_vial/quantum/led.o
                0x08004594                led_task
 .text.action_exec
                0x080045c0       0x94 .build/obj_nuphy_air75_v2_ansi_vial/quantum/action.o
                0x080045c0                action_exec
 .text.process_record_tap_hint
                0x08004654       0x10 .build/obj_nuphy_air75_v2_ansi_vial/quantum/action.o
                0x08004654                process_record_tap_hint
 .text.register_mouse
                0x08004664       0x16 .build/obj_nuphy_air75_v2_ansi_vial/quantum/action.o
                0x08004664                register_mouse
 *fill*         0x0800467a        0x2 
 .text.register_code
                0x0800467c       0x88 .build/obj_nuphy_air75_v2_ansi_vial/quantum/action.o
                0x0800467c                register_code
 .text.unregister_code
                0x08004704       0x6a .build/obj_nuphy_air75_v2_ansi_vial/quantum/action.o
                0x08004704                unregister_code
 *fill*         0x0800476e        0x2 
 .text.tap_code_delay
                0x08004770       0x44 .build/obj_nuphy_air75_v2_ansi_vial/quantum/action.o
                0x08004770                tap_code_delay
 .text.tap_code
                0x080047b4       0x18 .build/obj_nuphy_air75_v2_ansi_vial/quantum/action.o
                0x080047b4                tap_code
 .text.register_mods
                0x080047cc       0x10 .build/obj_nuphy_air75_v2_ansi_vial/quantum/action.o
                0x080047cc                register_mods
 .text.unregister_mods
                0x080047dc       0x10 .build/obj_nuphy_air75_v2_ansi_vial/quantum/action.o
                0x080047dc                unregister_mods
 .text.register_weak_mods
                0x080047ec       0x10 .build/obj_nuphy_air75_v2_ansi_vial/quantum/action.o
                0x080047ec                register_weak_mods
 .text.unregister_weak_mods
                0x080047fc       0x10 .build/obj_nuphy_air75_v2_ansi_vial/quantum/action.o
                0x080047fc                unregister_weak_mods
 .text.clear_keyboard_but_mods_and_keys
                0x0800480c       0x20 .build/obj_nuphy_air75_v2_ansi_vial/quantum/action.o
                0x0800480c                clear_keyboard_but_mods_and_keys
 .text.clear_keyboard_but_mods
                0x0800482c        0xc .build/obj_nuphy_air75_v2_ansi_vial/quantum/action.o
                0x0800482c                clear_keyboard_but_mods
 .text.clear_keyboard
                0x08004838        0xc .build/obj_nuphy_air75_v2_ansi_vial/quantum/action.o
                0x08004838                clear_keyboard
 .text.is_tap_action
                0x08004844       0x4c .build/obj_nuphy_air75_v2_ansi_vial/quantum/action.o
                0x08004844                is_tap_action
 .text.is_tap_record
                0x08004890       0x22 .build/obj_nuphy_air75_v2_ansi_vial/quantum/action.o
                0x08004890                is_tap_record
 *fill*         0x080048b2        0x2 
 .text.process_action
                0x080048b4      0x53c .build/obj_nuphy_air75_v2_ansi_vial/quantum/action.o
                0x080048b4                process_action
 .text.process_record_handler
                0x08004df0       0x2c .build/obj_nuphy_air75_v2_ansi_vial/quantum/action.o
                0x08004df0                process_record_handler
 .text.process_record
                0x08004e1c       0x44 .build/obj_nuphy_air75_v2_ansi_vial/quantum/action.o
                0x08004e1c                process_record
 .text.debug_event
                0x08004e60        0x6 .build/obj_nuphy_air75_v2_ansi_vial/quantum/action.o
                0x08004e60                debug_event
 .text.debug_record
                0x08004e66        0x6 .build/obj_nuphy_air75_v2_ansi_vial/quantum/action.o
                0x08004e66                debug_record
 .text.default_layer_state_set_user
                0x08004e6c        0x2 .build/obj_nuphy_air75_v2_ansi_vial/quantum/action_layer.o
                0x08004e6c                default_layer_state_set_user
 .text.default_layer_state_set_kb
                0x08004e6e        0x8 .build/obj_nuphy_air75_v2_ansi_vial/quantum/action_layer.o
                0x08004e6e                default_layer_state_set_kb
 *fill*         0x08004e76        0x2 
 .text.default_layer_state_set
                0x08004e78       0x10 .build/obj_nuphy_air75_v2_ansi_vial/quantum/action_layer.o
 .text.default_layer_debug
                0x08004e88        0x2 .build/obj_nuphy_air75_v2_ansi_vial/quantum/action_layer.o
                0x08004e88                default_layer_debug
 .text.default_layer_set
                0x08004e8a        0x8 .build/obj_nuphy_air75_v2_ansi_vial/quantum/action_layer.o
                0x08004e8a                default_layer_set
 *fill*         0x08004e92        0x2 
 .text.default_layer_or
                0x08004e94       0x14 .build/obj_nuphy_air75_v2_ansi_vial/quantum/action_layer.o
                0x08004e94                default_layer_or
 .text.default_layer_and
                0x08004ea8       0x14 .build/obj_nuphy_air75_v2_ansi_vial/quantum/action_layer.o
                0x08004ea8                default_layer_and
 .text.default_layer_xor
                0x08004ebc       0x14 .build/obj_nuphy_air75_v2_ansi_vial/quantum/action_layer.o
                0x08004ebc                default_layer_xor
 .text.layer_state_set_kb
                0x08004ed0        0x8 .build/obj_nuphy_air75_v2_ansi_vial/quantum/action_layer.o
                0x08004ed0                layer_state_set_kb
 .text.layer_state_set
                0x08004ed8       0x10 .build/obj_nuphy_air75_v2_ansi_vial/quantum/action_layer.o
                0x08004ed8                layer_state_set
 .text.layer_clear
                0x08004ee8        0xa .build/obj_nuphy_air75_v2_ansi_vial/quantum/action_layer.o
                0x08004ee8                layer_clear
 .text.layer_move
                0x08004ef2        0xe .build/obj_nuphy_air75_v2_ansi_vial/quantum/action_layer.o
                0x08004ef2                layer_move
 .text.layer_on
                0x08004f00       0x18 .build/obj_nuphy_air75_v2_ansi_vial/quantum/action_layer.o
                0x08004f00                layer_on
 .text.layer_off
                0x08004f18       0x18 .build/obj_nuphy_air75_v2_ansi_vial/quantum/action_layer.o
                0x08004f18                layer_off
 .text.layer_invert
                0x08004f30       0x18 .build/obj_nuphy_air75_v2_ansi_vial/quantum/action_layer.o
                0x08004f30                layer_invert
 .text.layer_or
                0x08004f48       0x14 .build/obj_nuphy_air75_v2_ansi_vial/quantum/action_layer.o
                0x08004f48                layer_or
 .text.layer_and
                0x08004f5c       0x14 .build/obj_nuphy_air75_v2_ansi_vial/quantum/action_layer.o
                0x08004f5c                layer_and
 .text.layer_xor
                0x08004f70       0x14 .build/obj_nuphy_air75_v2_ansi_vial/quantum/action_layer.o
                0x08004f70                layer_xor
 .text.layer_debug
                0x08004f84        0x2 .build/obj_nuphy_air75_v2_ansi_vial/quantum/action_layer.o
                0x08004f84                layer_debug
 .text.update_source_layers_cache_impl
                0x08004f86       0x32 .build/obj_nuphy_air75_v2_ansi_vial/quantum/action_layer.o
                0x08004f86                update_source_layers_cache_impl
 .text.read_source_layers_cache_impl
                0x08004fb8       0x28 .build/obj_nuphy_air75_v2_ansi_vial/quantum/action_layer.o
                0x08004fb8                read_source_layers_cache_impl
 .text.update_source_layers_cache
                0x08004fe0       0x28 .build/obj_nuphy_air75_v2_ansi_vial/quantum/action_layer.o
                0x08004fe0                update_source_layers_cache
 .text.read_source_layers_cache
                0x08005008       0x28 .build/obj_nuphy_air75_v2_ansi_vial/quantum/action_layer.o
                0x08005008                read_source_layers_cache
 .text.layer_switch_get_layer
                0x08005030       0x44 .build/obj_nuphy_air75_v2_ansi_vial/quantum/action_layer.o
                0x08005030                layer_switch_get_layer
 .text.layer_switch_get_action
                0x08005074       0x14 .build/obj_nuphy_air75_v2_ansi_vial/quantum/action_layer.o
                0x08005074                layer_switch_get_action
 .text.store_or_get_action
                0x08005088       0x44 .build/obj_nuphy_air75_v2_ansi_vial/quantum/action_layer.o
                0x08005088                store_or_get_action
 .text.update_tri_layer_state
                0x080050cc       0x2a .build/obj_nuphy_air75_v2_ansi_vial/quantum/action_layer.o
                0x080050cc                update_tri_layer_state
 *fill*         0x080050f6        0x2 
 .text.update_tri_layer
                0x080050f8       0x1c .build/obj_nuphy_air75_v2_ansi_vial/quantum/action_layer.o
                0x080050f8                update_tri_layer
 .text.debug_waiting_buffer
                0x08005114       0x44 .build/obj_nuphy_air75_v2_ansi_vial/quantum/action_tapping.o
 .text.debug_tapping_key
                0x08005158       0x20 .build/obj_nuphy_air75_v2_ansi_vial/quantum/action_tapping.o
 .text.waiting_buffer_typed.isra.0
                0x08005178       0x4c .build/obj_nuphy_air75_v2_ansi_vial/quantum/action_tapping.o
 .text.waiting_buffer_scan_tap
                0x080051c4       0x88 .build/obj_nuphy_air75_v2_ansi_vial/quantum/action_tapping.o
 .text.process_tapping
                0x0800524c      0x2d4 .build/obj_nuphy_air75_v2_ansi_vial/quantum/action_tapping.o
 .text.action_tapping_process
                0x08005520       0xcc .build/obj_nuphy_air75_v2_ansi_vial/quantum/action_tapping.o
                0x08005520                action_tapping_process
 .text.get_oneshot_locked_mods
                0x080055ec        0xc .build/obj_nuphy_air75_v2_ansi_vial/quantum/action_util.o
                0x080055ec                get_oneshot_locked_mods
 .text.has_oneshot_mods_timed_out
                0x080055f8       0x2c .build/obj_nuphy_air75_v2_ansi_vial/quantum/action_util.o
                0x080055f8                has_oneshot_mods_timed_out
 .text.get_oneshot_layer
                0x08005624        0xc .build/obj_nuphy_air75_v2_ansi_vial/quantum/action_util.o
                0x08005624                get_oneshot_layer
 .text.get_oneshot_layer_state
                0x08005630       0x10 .build/obj_nuphy_air75_v2_ansi_vial/quantum/action_util.o
                0x08005630                get_oneshot_layer_state
 .text.has_oneshot_layer_timed_out
                0x08005640       0x30 .build/obj_nuphy_air75_v2_ansi_vial/quantum/action_util.o
                0x08005640                has_oneshot_layer_timed_out
 .text.is_oneshot_layer_active
                0x08005670       0x14 .build/obj_nuphy_air75_v2_ansi_vial/quantum/action_util.o
                0x08005670                is_oneshot_layer_active
 .text.get_mods
                0x08005684        0xc .build/obj_nuphy_air75_v2_ansi_vial/quantum/action_util.o
                0x08005684                get_mods
 .text.add_mods
                0x08005690       0x10 .build/obj_nuphy_air75_v2_ansi_vial/quantum/action_util.o
                0x08005690                add_mods
 .text.del_mods
                0x080056a0       0x10 .build/obj_nuphy_air75_v2_ansi_vial/quantum/action_util.o
                0x080056a0                del_mods
 .text.clear_mods
                0x080056b0        0xc .build/obj_nuphy_air75_v2_ansi_vial/quantum/action_util.o
                0x080056b0                clear_mods
 .text.get_weak_mods
                0x080056bc        0xc .build/obj_nuphy_air75_v2_ansi_vial/quantum/action_util.o
                0x080056bc                get_weak_mods
 .text.add_weak_mods
                0x080056c8       0x10 .build/obj_nuphy_air75_v2_ansi_vial/quantum/action_util.o
                0x080056c8                add_weak_mods
 .text.del_weak_mods
                0x080056d8       0x10 .build/obj_nuphy_air75_v2_ansi_vial/quantum/action_util.o
                0x080056d8                del_weak_mods
 .text.clear_weak_mods
                0x080056e8        0xc .build/obj_nuphy_air75_v2_ansi_vial/quantum/action_util.o
                0x080056e8                clear_weak_mods
 .text.set_weak_override_mods
                0x080056f4        0xc .build/obj_nuphy_air75_v2_ansi_vial/quantum/action_util.o
                0x080056f4                set_weak_override_mods
 .text.clear_weak_override_mods
                0x08005700        0xc .build/obj_nuphy_air75_v2_ansi_vial/quantum/action_util.o
                0x08005700                clear_weak_override_mods
 .text.set_suppressed_override_mods
                0x0800570c        0xc .build/obj_nuphy_air75_v2_ansi_vial/quantum/action_util.o
                0x0800570c                set_suppressed_override_mods
 .text.clear_suppressed_override_mods
                0x08005718        0xc .build/obj_nuphy_air75_v2_ansi_vial/quantum/action_util.o
                0x08005718                clear_suppressed_override_mods
 .text.get_oneshot_mods
                0x08005724        0xc .build/obj_nuphy_air75_v2_ansi_vial/quantum/action_util.o
                0x08005724                get_oneshot_mods
 .text.oneshot_locked_mods_changed_user
                0x08005730        0x2 .build/obj_nuphy_air75_v2_ansi_vial/quantum/action_util.o
                0x08005730                oneshot_locked_mods_changed_user
 .text.oneshot_locked_mods_changed_kb
                0x08005732        0x8 .build/obj_nuphy_air75_v2_ansi_vial/quantum/action_util.o
                0x08005732                oneshot_locked_mods_changed_kb
 *fill*         0x0800573a        0x2 
 .text.add_oneshot_locked_mods
                0x0800573c       0x20 .build/obj_nuphy_air75_v2_ansi_vial/quantum/action_util.o
                0x0800573c                add_oneshot_locked_mods
 .text.del_oneshot_locked_mods
                0x0800575c       0x1c .build/obj_nuphy_air75_v2_ansi_vial/quantum/action_util.o
                0x0800575c                del_oneshot_locked_mods
 .text.oneshot_mods_changed_user
                0x08005778        0x2 .build/obj_nuphy_air75_v2_ansi_vial/quantum/action_util.o
                0x08005778                oneshot_mods_changed_user
 .text.oneshot_mods_changed_kb
                0x0800577a        0x8 .build/obj_nuphy_air75_v2_ansi_vial/quantum/action_util.o
                0x0800577a                oneshot_mods_changed_kb
 *fill*         0x08005782        0x2 
 .text.add_oneshot_mods
                0x08005784       0x2c .build/obj_nuphy_air75_v2_ansi_vial/quantum/action_util.o
                0x08005784                add_oneshot_mods
 .text.del_oneshot_mods
                0x080057b0       0x2c .build/obj_nuphy_air75_v2_ansi_vial/quantum/action_util.o
                0x080057b0                del_oneshot_mods
 .text.set_oneshot_mods
                0x080057dc       0x34 .build/obj_nuphy_air75_v2_ansi_vial/quantum/action_util.o
                0x080057dc                set_oneshot_mods
 .text.clear_oneshot_mods
                0x08005810       0x20 .build/obj_nuphy_air75_v2_ansi_vial/quantum/action_util.o
                0x08005810                clear_oneshot_mods
 .text.get_mods_for_report
                0x08005830       0x60 .build/obj_nuphy_air75_v2_ansi_vial/quantum/action_util.o
 .text.send_6kro_report
                0x08005890       0x38 .build/obj_nuphy_air75_v2_ansi_vial/quantum/action_util.o
                0x08005890                send_6kro_report
 .text.send_nkro_report
                0x080058c8       0x38 .build/obj_nuphy_air75_v2_ansi_vial/quantum/action_util.o
                0x080058c8                send_nkro_report
 .text.send_keyboard_report
                0x08005900       0x28 .build/obj_nuphy_air75_v2_ansi_vial/quantum/action_util.o
                0x08005900                send_keyboard_report
 .text.oneshot_layer_changed_user
                0x08005928        0x2 .build/obj_nuphy_air75_v2_ansi_vial/quantum/action_util.o
                0x08005928                oneshot_layer_changed_user
 .text.oneshot_layer_changed_kb
                0x0800592a        0x8 .build/obj_nuphy_air75_v2_ansi_vial/quantum/action_util.o
                0x0800592a                oneshot_layer_changed_kb
 *fill*         0x08005932        0x2 
 .text.set_oneshot_layer
                0x08005934       0x3c .build/obj_nuphy_air75_v2_ansi_vial/quantum/action_util.o
                0x08005934                set_oneshot_layer
 .text.reset_oneshot_layer
                0x08005970       0x1c .build/obj_nuphy_air75_v2_ansi_vial/quantum/action_util.o
                0x08005970                reset_oneshot_layer
 .text.clear_oneshot_layer_state
                0x0800598c       0x30 .build/obj_nuphy_air75_v2_ansi_vial/quantum/action_util.o
                0x0800598c                clear_oneshot_layer_state
 .text.oneshot_set
                0x080059bc       0x30 .build/obj_nuphy_air75_v2_ansi_vial/quantum/action_util.o
                0x080059bc                oneshot_set
 .text.oneshot_toggle
                0x080059ec       0x18 .build/obj_nuphy_air75_v2_ansi_vial/quantum/action_util.o
                0x080059ec                oneshot_toggle
 .text.oneshot_enable
                0x08005a04        0xa .build/obj_nuphy_air75_v2_ansi_vial/quantum/action_util.o
                0x08005a04                oneshot_enable
 .text.oneshot_disable
                0x08005a0e        0xa .build/obj_nuphy_air75_v2_ansi_vial/quantum/action_util.o
                0x08005a0e                oneshot_disable
 .text.eeconfig_init_user
                0x08005a18        0x2 .build/obj_nuphy_air75_v2_ansi_vial/quantum/eeconfig.o
                0x08005a18                eeconfig_init_user
 *fill*         0x08005a1a        0x2 
 .text.eeconfig_disable
                0x08005a1c       0x14 .build/obj_nuphy_air75_v2_ansi_vial/quantum/eeconfig.o
                0x08005a1c                eeconfig_disable
 .text.eeconfig_is_enabled
                0x08005a30       0x1c .build/obj_nuphy_air75_v2_ansi_vial/quantum/eeconfig.o
                0x08005a30                eeconfig_is_enabled
 .text.eeconfig_read_debug
                0x08005a4c        0xa .build/obj_nuphy_air75_v2_ansi_vial/quantum/eeconfig.o
                0x08005a4c                eeconfig_read_debug
 .text.eeconfig_read_default_layer
                0x08005a56        0xa .build/obj_nuphy_air75_v2_ansi_vial/quantum/eeconfig.o
                0x08005a56                eeconfig_read_default_layer
 .text.eeconfig_read_keymap
                0x08005a60        0xa .build/obj_nuphy_air75_v2_ansi_vial/quantum/eeconfig.o
                0x08005a60                eeconfig_read_keymap
 .text.eeconfig_update_keymap
                0x08005a6a        0xc .build/obj_nuphy_air75_v2_ansi_vial/quantum/eeconfig.o
                0x08005a6a                eeconfig_update_keymap
 .text.eeconfig_update_kb
                0x08005a76        0xc .build/obj_nuphy_air75_v2_ansi_vial/quantum/eeconfig.o
                0x08005a76                eeconfig_update_kb
 .text.eeconfig_init_kb
                0x08005a82        0xe .build/obj_nuphy_air75_v2_ansi_vial/quantum/eeconfig.o
                0x08005a82                eeconfig_init_kb
 .text.eeconfig_update_handedness
                0x08005a90        0xc .build/obj_nuphy_air75_v2_ansi_vial/quantum/eeconfig.o
                0x08005a90                eeconfig_update_handedness
 .text.eeconfig_is_user_datablock_valid
                0x08005a9c       0x12 .build/obj_nuphy_air75_v2_ansi_vial/quantum/eeconfig.o
                0x08005a9c                eeconfig_is_user_datablock_valid
 .text.eeconfig_read_user_datablock
                0x08005aae       0x20 .build/obj_nuphy_air75_v2_ansi_vial/quantum/eeconfig.o
                0x08005aae                eeconfig_read_user_datablock
 .text.eeconfig_update_user_datablock
                0x08005ace       0x18 .build/obj_nuphy_air75_v2_ansi_vial/quantum/eeconfig.o
                0x08005ace                eeconfig_update_user_datablock
 .text.eeconfig_init_user_datablock
                0x08005ae6       0x10 .build/obj_nuphy_air75_v2_ansi_vial/quantum/eeconfig.o
                0x08005ae6                eeconfig_init_user_datablock
 *fill*         0x08005af6        0x2 
 .text.eeconfig_init_quantum
                0x08005af8       0x9c .build/obj_nuphy_air75_v2_ansi_vial/quantum/eeconfig.o
                0x08005af8                eeconfig_init_quantum
 .text.eeconfig_init
                0x08005b94        0x8 .build/obj_nuphy_air75_v2_ansi_vial/quantum/eeconfig.o
                0x08005b94                eeconfig_init
 .text.generate_tick_event
                0x08005b9c       0x30 .build/obj_nuphy_air75_v2_ansi_vial/quantum/keyboard.o
 .text.last_matrix_activity_trigger
                0x08005bcc       0x18 .build/obj_nuphy_air75_v2_ansi_vial/quantum/keyboard.o
                0x08005bcc                last_matrix_activity_trigger
 .text.matrix_setup
                0x08005be4        0x2 .build/obj_nuphy_air75_v2_ansi_vial/quantum/keyboard.o
                0x08005be4                matrix_setup
 .text.keyboard_pre_init_user
                0x08005be6        0x2 .build/obj_nuphy_air75_v2_ansi_vial/quantum/keyboard.o
                0x08005be6                keyboard_pre_init_user
 .text.keyboard_pre_init_kb
                0x08005be8        0x8 .build/obj_nuphy_air75_v2_ansi_vial/quantum/keyboard.o
                0x08005be8                keyboard_pre_init_kb
 .text.keyboard_post_init_kb
                0x08005bf0        0x8 .build/obj_nuphy_air75_v2_ansi_vial/quantum/keyboard.o
                0x08005bf0                keyboard_post_init_kb
 .text.matrix_can_read
                0x08005bf8        0x4 .build/obj_nuphy_air75_v2_ansi_vial/quantum/keyboard.o
                0x08005bf8                matrix_can_read
 .text.keyboard_setup
                0x08005bfc       0x24 .build/obj_nuphy_air75_v2_ansi_vial/quantum/keyboard.o
                0x08005bfc                keyboard_setup
 .text.is_keyboard_master
                0x08005c20        0x4 .build/obj_nuphy_air75_v2_ansi_vial/quantum/keyboard.o
                0x08005c20                is_keyboard_master
 .text.should_process_keypress
                0x08005c24        0x8 .build/obj_nuphy_air75_v2_ansi_vial/quantum/keyboard.o
                0x08005c24                should_process_keypress
 .text.housekeeping_task_kb
                0x08005c2c        0x2 .build/obj_nuphy_air75_v2_ansi_vial/quantum/keyboard.o
                0x08005c2c                housekeeping_task_kb
 .text.housekeeping_task
                0x08005c2e        0xc .build/obj_nuphy_air75_v2_ansi_vial/quantum/keyboard.o
                0x08005c2e                housekeeping_task
 *fill*         0x08005c3a        0x2 
 .text.quantum_init
                0x08005c3c       0x40 .build/obj_nuphy_air75_v2_ansi_vial/quantum/keyboard.o
                0x08005c3c                quantum_init
 .text.keyboard_init
                0x08005c7c       0x20 .build/obj_nuphy_air75_v2_ansi_vial/quantum/keyboard.o
                0x08005c7c                keyboard_init
 .text.quantum_task
                0x08005c9c       0x14 .build/obj_nuphy_air75_v2_ansi_vial/quantum/keyboard.o
                0x08005c9c                quantum_task
 .text.keyboard_task
                0x08005cb0       0xe4 .build/obj_nuphy_air75_v2_ansi_vial/quantum/keyboard.o
                0x08005cb0                keyboard_task
 .text.action_for_keycode
                0x08005d94      0x1d0 .build/obj_nuphy_air75_v2_ansi_vial/quantum/keymap_common.o
                0x08005d94                action_for_keycode
 .text.keymap_key_to_keycode
                0x08005f64       0x40 .build/obj_nuphy_air75_v2_ansi_vial/quantum/keymap_common.o
                0x08005f64                keymap_key_to_keycode
 .text.action_for_key
                0x08005fa4       0x12 .build/obj_nuphy_air75_v2_ansi_vial/quantum/keymap_common.o
                0x08005fa4                action_for_key
 *fill*         0x08005fb6        0x2 
 .text.keycode_config
                0x08005fb8      0x100 .build/obj_nuphy_air75_v2_ansi_vial/quantum/keycode_config.o
                0x08005fb8                keycode_config
 .text.mod_config
                0x080060b8       0x98 .build/obj_nuphy_air75_v2_ansi_vial/quantum/keycode_config.o
                0x080060b8                mod_config
 .text.null_sendchar_func
                0x08006150        0x4 .build/obj_nuphy_air75_v2_ansi_vial/quantum/logging/print.o
 .text.print_set_sendchar
                0x08006154        0xc .build/obj_nuphy_air75_v2_ansi_vial/quantum/logging/print.o
                0x08006154                print_set_sendchar
 .text.putchar_
                0x08006160       0x10 .build/obj_nuphy_air75_v2_ansi_vial/quantum/logging/print.o
                0x08006160                putchar_
 .text.matrix_init_user
                0x08006170        0x2 .build/obj_nuphy_air75_v2_ansi_vial/quantum/matrix_common.o
                0x08006170                matrix_init_user
 .text.matrix_init_kb
                0x08006172        0x8 .build/obj_nuphy_air75_v2_ansi_vial/quantum/matrix_common.o
                0x08006172                matrix_init_kb
 .text.matrix_scan_user
                0x0800617a        0x2 .build/obj_nuphy_air75_v2_ansi_vial/quantum/matrix_common.o
                0x0800617a                matrix_scan_user
 .text.matrix_scan_kb
                0x0800617c        0x8 .build/obj_nuphy_air75_v2_ansi_vial/quantum/matrix_common.o
                0x0800617c                matrix_scan_kb
 .text.matrix_is_on
                0x08006184       0x18 .build/obj_nuphy_air75_v2_ansi_vial/quantum/matrix_common.o
                0x08006184                matrix_is_on
 .text.matrix_get_row
                0x0800619c        0xc .build/obj_nuphy_air75_v2_ansi_vial/quantum/matrix_common.o
                0x0800619c                matrix_get_row
 .text.matrix_print
                0x080061a8       0x54 .build/obj_nuphy_air75_v2_ansi_vial/quantum/matrix_common.o
                0x080061a8                matrix_print
 .text.matrix_io_delay
                0x080061fc        0xa .build/obj_nuphy_air75_v2_ansi_vial/quantum/matrix_common.o
                0x080061fc                matrix_io_delay
 .text.matrix_output_select_delay
                0x08006206       0x1a .build/obj_nuphy_air75_v2_ansi_vial/quantum/matrix_common.o
                0x08006206                matrix_output_select_delay
 .text.matrix_output_unselect_delay
                0x08006220        0x8 .build/obj_nuphy_air75_v2_ansi_vial/quantum/matrix_common.o
                0x08006220                matrix_output_unselect_delay
 .text.setPinInputHigh_atomic
                0x08006228       0x1a .build/obj_nuphy_air75_v2_ansi_vial/quantum/matrix.o
 *fill*         0x08006242        0x2 
 .text.matrix_init_pins
                0x08006244       0x3c .build/obj_nuphy_air75_v2_ansi_vial/quantum/matrix.o
                0x08006244                matrix_init_pins
 .text.matrix_read_cols_on_row
                0x08006280       0x90 .build/obj_nuphy_air75_v2_ansi_vial/quantum/matrix.o
                0x08006280                matrix_read_cols_on_row
 .text.matrix_init
                0x08006310       0x30 .build/obj_nuphy_air75_v2_ansi_vial/quantum/matrix.o
                0x08006310                matrix_init
 .text.matrix_scan
                0x08006340       0x64 .build/obj_nuphy_air75_v2_ansi_vial/quantum/matrix.o
                0x08006340                matrix_scan
 .text.debounce_init
                0x080063a4        0x2 .build/obj_nuphy_air75_v2_ansi_vial/quantum/debounce/sym_defer_g.o
                0x080063a4                debounce_init
 *fill*         0x080063a6        0x2 
 .text.debounce
                0x080063a8       0x5c .build/obj_nuphy_air75_v2_ansi_vial/quantum/debounce/sym_defer_g.o
                0x080063a8                debounce
 .text.protocol_init
                0x08006404       0x10 .build/obj_nuphy_air75_v2_ansi_vial/quantum/main.o
                0x08006404                protocol_init
 .text.protocol_task
                0x08006414       0x10 .build/obj_nuphy_air75_v2_ansi_vial/quantum/main.o
                0x08006414                protocol_task
 .text.startup.main
                0x08006424       0x1c .build/obj_nuphy_air75_v2_ansi_vial/quantum/main.o
                0x08006424                main
 .text.putchar_via_gadget
                0x08006440       0x24 .build/obj_nuphy_air75_v2_ansi_vial/printf.o
 .text.out_rev_
                0x08006464       0x56 .build/obj_nuphy_air75_v2_ansi_vial/printf.o
 *fill*         0x080064ba        0x2 
 .text.print_integer
                0x080064bc      0x224 .build/obj_nuphy_air75_v2_ansi_vial/printf.o
 .text.putchar_wrapper
                0x080066e0        0x8 .build/obj_nuphy_air75_v2_ansi_vial/printf.o
 .text.vsnprintf_impl.constprop.0
                0x080066e8      0x390 .build/obj_nuphy_air75_v2_ansi_vial/printf.o
 .text.vprintf  0x08006a78       0x28 .build/obj_nuphy_air75_v2_ansi_vial/printf.o
                0x08006a78                vprintf
 .text.printf   0x08006aa0       0x16 .build/obj_nuphy_air75_v2_ansi_vial/printf.o
                0x08006aa0                printf
 .text.eeprom_read_byte
                0x08006ab6       0x1a .build/obj_nuphy_air75_v2_ansi_vial/eeprom_driver.o
                0x08006ab6                eeprom_read_byte
 .text.eeprom_read_word
                0x08006ad0       0x1a .build/obj_nuphy_air75_v2_ansi_vial/eeprom_driver.o
                0x08006ad0                eeprom_read_word
 .text.eeprom_read_dword
                0x08006aea       0x14 .build/obj_nuphy_air75_v2_ansi_vial/eeprom_driver.o
                0x08006aea                eeprom_read_dword
 .text.eeprom_write_byte
                0x08006afe       0x14 .build/obj_nuphy_air75_v2_ansi_vial/eeprom_driver.o
                0x08006afe                eeprom_write_byte
 .text.eeprom_write_word
                0x08006b12       0x14 .build/obj_nuphy_air75_v2_ansi_vial/eeprom_driver.o
                0x08006b12                eeprom_write_word
 .text.eeprom_write_dword
                0x08006b26       0x10 .build/obj_nuphy_air75_v2_ansi_vial/eeprom_driver.o
                0x08006b26                eeprom_write_dword
 .text.eeprom_update_block
                0x08006b36       0x3a .build/obj_nuphy_air75_v2_ansi_vial/eeprom_driver.o
                0x08006b36                eeprom_update_block
 .text.eeprom_update_byte
                0x08006b70       0x18 .build/obj_nuphy_air75_v2_ansi_vial/eeprom_driver.o
                0x08006b70                eeprom_update_byte
 .text.eeprom_update_word
                0x08006b88       0x18 .build/obj_nuphy_air75_v2_ansi_vial/eeprom_driver.o
                0x08006b88                eeprom_update_word
 .text.eeprom_update_dword
                0x08006ba0       0x18 .build/obj_nuphy_air75_v2_ansi_vial/eeprom_driver.o
                0x08006ba0                eeprom_update_dword
 .text.eeprom_clear
                0x08006bb8       0x40 .build/obj_nuphy_air75_v2_ansi_vial/eeprom_legacy_emulated_flash.o
 .text.eeprom_write_direct_entry
                0x08006bf8       0x44 .build/obj_nuphy_air75_v2_ansi_vial/eeprom_legacy_emulated_flash.o
 .text.eeprom_compact
                0x08006c3c       0x44 .build/obj_nuphy_air75_v2_ansi_vial/eeprom_legacy_emulated_flash.o
 .text.eeprom_write_log_word_entry
                0x08006c80       0x80 .build/obj_nuphy_air75_v2_ansi_vial/eeprom_legacy_emulated_flash.o
 .text.eeprom_write_log_byte_entry
                0x08006d00       0x44 .build/obj_nuphy_air75_v2_ansi_vial/eeprom_legacy_emulated_flash.o
 .text.EEPROM_Init
                0x08006d44       0xac .build/obj_nuphy_air75_v2_ansi_vial/eeprom_legacy_emulated_flash.o
                0x08006d44                EEPROM_Init
 .text.EEPROM_Erase
                0x08006df0        0xc .build/obj_nuphy_air75_v2_ansi_vial/eeprom_legacy_emulated_flash.o
                0x08006df0                EEPROM_Erase
 .text.EEPROM_WriteDataByte
                0x08006dfc       0x44 .build/obj_nuphy_air75_v2_ansi_vial/eeprom_legacy_emulated_flash.o
                0x08006dfc                EEPROM_WriteDataByte
 .text.EEPROM_WriteDataWord
                0x08006e40       0x88 .build/obj_nuphy_air75_v2_ansi_vial/eeprom_legacy_emulated_flash.o
                0x08006e40                EEPROM_WriteDataWord
 .text.EEPROM_ReadDataByte
                0x08006ec8       0x18 .build/obj_nuphy_air75_v2_ansi_vial/eeprom_legacy_emulated_flash.o
                0x08006ec8                EEPROM_ReadDataByte
 .text.EEPROM_ReadDataWord
                0x08006ee0       0x34 .build/obj_nuphy_air75_v2_ansi_vial/eeprom_legacy_emulated_flash.o
                0x08006ee0                EEPROM_ReadDataWord
 .text.eeprom_driver_init
                0x08006f14        0x8 .build/obj_nuphy_air75_v2_ansi_vial/eeprom_legacy_emulated_flash.o
                0x08006f14                eeprom_driver_init
 .text.eeprom_driver_erase
                0x08006f1c        0x8 .build/obj_nuphy_air75_v2_ansi_vial/eeprom_legacy_emulated_flash.o
                0x08006f1c                eeprom_driver_erase
 .text.eeprom_read_block
                0x08006f24       0x7a .build/obj_nuphy_air75_v2_ansi_vial/eeprom_legacy_emulated_flash.o
                0x08006f24                eeprom_read_block
 .text.eeprom_write_block
                0x08006f9e       0x5a .build/obj_nuphy_air75_v2_ansi_vial/eeprom_legacy_emulated_flash.o
                0x08006f9e                eeprom_write_block
 .text.FLASH_GetStatus
                0x08006ff8       0x2c .build/obj_nuphy_air75_v2_ansi_vial/legacy_flash_ops.o
                0x08006ff8                FLASH_GetStatus
 .text.FLASH_WaitForLastOperation
                0x08007024       0x3a .build/obj_nuphy_air75_v2_ansi_vial/legacy_flash_ops.o
                0x08007024                FLASH_WaitForLastOperation
 *fill*         0x0800705e        0x2 
 .text.FLASH_ErasePage
                0x08007060       0x40 .build/obj_nuphy_air75_v2_ansi_vial/legacy_flash_ops.o
                0x08007060                FLASH_ErasePage
 .text.FLASH_ProgramHalfWord
                0x080070a0       0x48 .build/obj_nuphy_air75_v2_ansi_vial/legacy_flash_ops.o
                0x080070a0                FLASH_ProgramHalfWord
 .text.FLASH_Unlock
                0x080070e8       0x20 .build/obj_nuphy_air75_v2_ansi_vial/legacy_flash_ops.o
                0x080070e8                FLASH_Unlock
 .text.FLASH_Lock
                0x08007108       0x10 .build/obj_nuphy_air75_v2_ansi_vial/legacy_flash_ops.o
                0x08007108                FLASH_Lock
 .text.hsv_to_rgb_impl
                0x08007118       0xbc .build/obj_nuphy_air75_v2_ansi_vial/quantum/color.o
                0x08007118                hsv_to_rgb_impl
 .text.hsv_to_rgb
                0x080071d4       0x2c .build/obj_nuphy_air75_v2_ansi_vial/quantum/color.o
                0x080071d4                hsv_to_rgb
 .text.sqrt16   0x08007200       0x44 .build/obj_nuphy_air75_v2_ansi_vial/quantum/rgb_matrix/rgb_matrix.o
 .text.random8  0x08007244       0x24 .build/obj_nuphy_air75_v2_ansi_vial/quantum/rgb_matrix/rgb_matrix.o
 .text.sin8_C   0x08007268       0x40 .build/obj_nuphy_air75_v2_ansi_vial/quantum/rgb_matrix/rgb_matrix.o
 .text.BAND_SAT_math
                0x080072a8       0x58 .build/obj_nuphy_air75_v2_ansi_vial/quantum/rgb_matrix/rgb_matrix.o
 .text.BAND_VAL_math
                0x08007300       0x54 .build/obj_nuphy_air75_v2_ansi_vial/quantum/rgb_matrix/rgb_matrix.o
 .text.CYCLE_ALL_math
                0x08007354       0x22 .build/obj_nuphy_air75_v2_ansi_vial/quantum/rgb_matrix/rgb_matrix.o
 *fill*         0x08007376        0x2 
 .text.CYCLE_LEFT_RIGHT_math
                0x08007378       0x34 .build/obj_nuphy_air75_v2_ansi_vial/quantum/rgb_matrix/rgb_matrix.o
 .text.CYCLE_UP_DOWN_math
                0x080073ac       0x34 .build/obj_nuphy_air75_v2_ansi_vial/quantum/rgb_matrix/rgb_matrix.o
 .text.RAINBOW_MOVING_CHEVRON_math
                0x080073e0       0x54 .build/obj_nuphy_air75_v2_ansi_vial/quantum/rgb_matrix/rgb_matrix.o
 .text.CYCLE_OUT_IN_math
                0x08007434       0x2e .build/obj_nuphy_air75_v2_ansi_vial/quantum/rgb_matrix/rgb_matrix.o
 .text.CYCLE_OUT_IN_DUAL_math
                0x08007462       0x48 .build/obj_nuphy_air75_v2_ansi_vial/quantum/rgb_matrix/rgb_matrix.o
 *fill*         0x080074aa        0x2 
 .text.DUAL_BEACON_math
                0x080074ac       0x4c .build/obj_nuphy_air75_v2_ansi_vial/quantum/rgb_matrix/rgb_matrix.o
 .text.RAINBOW_BEACON_math
                0x080074f8       0x4c .build/obj_nuphy_air75_v2_ansi_vial/quantum/rgb_matrix/rgb_matrix.o
 .text.RAINBOW_PINWHEELS_math
                0x08007544       0x60 .build/obj_nuphy_air75_v2_ansi_vial/quantum/rgb_matrix/rgb_matrix.o
 .text.HUE_PENDULUM_math
                0x080075a4       0x60 .build/obj_nuphy_air75_v2_ansi_vial/quantum/rgb_matrix/rgb_matrix.o
 .text.HUE_WAVE_math
                0x08007604       0x4c .build/obj_nuphy_air75_v2_ansi_vial/quantum/rgb_matrix/rgb_matrix.o
 .text.SOLID_REACTIVE_SIMPLE_math
                0x08007650       0x30 .build/obj_nuphy_air75_v2_ansi_vial/quantum/rgb_matrix/rgb_matrix.o
 .text.SOLID_REACTIVE_math
                0x08007680       0x2a .build/obj_nuphy_air75_v2_ansi_vial/quantum/rgb_matrix/rgb_matrix.o
 .text.SOLID_REACTIVE_WIDE_math
                0x080076aa       0x42 .build/obj_nuphy_air75_v2_ansi_vial/quantum/rgb_matrix/rgb_matrix.o
 .text.SOLID_REACTIVE_CROSS_math
                0x080076ec       0x72 .build/obj_nuphy_air75_v2_ansi_vial/quantum/rgb_matrix/rgb_matrix.o
 *fill*         0x0800775e        0x2 
 .text.SOLID_REACTIVE_NEXUS_math
                0x08007760       0x74 .build/obj_nuphy_air75_v2_ansi_vial/quantum/rgb_matrix/rgb_matrix.o
 .text.SPLASH_math
                0x080077d4       0x46 .build/obj_nuphy_air75_v2_ansi_vial/quantum/rgb_matrix/rgb_matrix.o
                0x080077d4                SPLASH_math
 .text.SOLID_SPLASH_math
                0x0800781a       0x3e .build/obj_nuphy_air75_v2_ansi_vial/quantum/rgb_matrix/rgb_matrix.o
                0x0800781a                SOLID_SPLASH_math
 .text.eeconfig_flag_rgb_matrix
                0x08007858       0x10 .build/obj_nuphy_air75_v2_ansi_vial/quantum/rgb_matrix/rgb_matrix.o
 .text.eeconfig_init_rgb_matrix
                0x08007868       0x20 .build/obj_nuphy_air75_v2_ansi_vial/quantum/rgb_matrix/rgb_matrix.o
 .text.atan2_8  0x08007888       0x42 .build/obj_nuphy_air75_v2_ansi_vial/quantum/rgb_matrix/rgb_matrix.o
 .text.BAND_PINWHEEL_SAT_math
                0x080078ca       0x3c .build/obj_nuphy_air75_v2_ansi_vial/quantum/rgb_matrix/rgb_matrix.o
 *fill*         0x08007906        0x2 
 .text.BAND_PINWHEEL_VAL_math
                0x08007908       0x40 .build/obj_nuphy_air75_v2_ansi_vial/quantum/rgb_matrix/rgb_matrix.o
 .text.BAND_SPIRAL_SAT_math
                0x08007948       0x3e .build/obj_nuphy_air75_v2_ansi_vial/quantum/rgb_matrix/rgb_matrix.o
 *fill*         0x08007986        0x2 
 .text.BAND_SPIRAL_VAL_math
                0x08007988       0x40 .build/obj_nuphy_air75_v2_ansi_vial/quantum/rgb_matrix/rgb_matrix.o
 .text.CYCLE_PINWHEEL_math
                0x080079c8       0x2e .build/obj_nuphy_air75_v2_ansi_vial/quantum/rgb_matrix/rgb_matrix.o
 .text.CYCLE_SPIRAL_math
                0x080079f6       0x34 .build/obj_nuphy_air75_v2_ansi_vial/quantum/rgb_matrix/rgb_matrix.o
 *fill*         0x08007a2a        0x2 
 .text.eeconfig_flush_rgb_matrix.part.0
                0x08007a2c       0x1c .build/obj_nuphy_air75_v2_ansi_vial/quantum/rgb_matrix/rgb_matrix.o
 .text.rgb_matrix_hsv_to_rgb
                0x08007a48       0x28 .build/obj_nuphy_air75_v2_ansi_vial/quantum/rgb_matrix/rgb_matrix.o
                0x08007a48                rgb_matrix_hsv_to_rgb
 .text.process_rgb_matrix_typing_heatmap
                0x08007a70       0xc4 .build/obj_nuphy_air75_v2_ansi_vial/quantum/rgb_matrix/rgb_matrix.o
                0x08007a70                process_rgb_matrix_typing_heatmap
 .text.eeconfig_update_rgb_matrix
                0x08007b34        0x8 .build/obj_nuphy_air75_v2_ansi_vial/quantum/rgb_matrix/rgb_matrix.o
                0x08007b34                eeconfig_update_rgb_matrix
 .text.eeconfig_update_rgb_matrix_default
                0x08007b3c       0x28 .build/obj_nuphy_air75_v2_ansi_vial/quantum/rgb_matrix/rgb_matrix.o
                0x08007b3c                eeconfig_update_rgb_matrix_default
 .text.rgb_matrix_map_row_column_to_led_kb
                0x08007b64        0x4 .build/obj_nuphy_air75_v2_ansi_vial/quantum/rgb_matrix/rgb_matrix.o
                0x08007b64                rgb_matrix_map_row_column_to_led_kb
 .text.rgb_matrix_map_row_column_to_led
                0x08007b68       0x28 .build/obj_nuphy_air75_v2_ansi_vial/quantum/rgb_matrix/rgb_matrix.o
                0x08007b68                rgb_matrix_map_row_column_to_led
 .text.rgb_matrix_update_pwm_buffers
                0x08007b90       0x10 .build/obj_nuphy_air75_v2_ansi_vial/quantum/rgb_matrix/rgb_matrix.o
                0x08007b90                rgb_matrix_update_pwm_buffers
 .text.rgb_matrix_set_color
                0x08007ba0       0x10 .build/obj_nuphy_air75_v2_ansi_vial/quantum/rgb_matrix/rgb_matrix.o
                0x08007ba0                rgb_matrix_set_color
 .text.raindrops_set_color.isra.0
                0x08007bb0       0x64 .build/obj_nuphy_air75_v2_ansi_vial/quantum/rgb_matrix/rgb_matrix.o
 .text.jellybean_raindrops_set_color.isra.0
                0x08007c14       0x4c .build/obj_nuphy_air75_v2_ansi_vial/quantum/rgb_matrix/rgb_matrix.o
 .text.set_starlight_color
                0x08007c60       0x64 .build/obj_nuphy_air75_v2_ansi_vial/quantum/rgb_matrix/rgb_matrix.o
                0x08007c60                set_starlight_color
 .text.rgb_matrix_set_color_all
                0x08007cc4       0x10 .build/obj_nuphy_air75_v2_ansi_vial/quantum/rgb_matrix/rgb_matrix.o
                0x08007cc4                rgb_matrix_set_color_all
 .text.DIGITAL_RAIN
                0x08007cd4      0x15c .build/obj_nuphy_air75_v2_ansi_vial/quantum/rgb_matrix/rgb_matrix.o
                0x08007cd4                DIGITAL_RAIN
 .text.process_rgb_matrix
                0x08007e30       0xfc .build/obj_nuphy_air75_v2_ansi_vial/quantum/rgb_matrix/rgb_matrix.o
                0x08007e30                process_rgb_matrix
 .text.rgb_matrix_indicators_kb
                0x08007f2c        0x8 .build/obj_nuphy_air75_v2_ansi_vial/quantum/rgb_matrix/rgb_matrix.o
                0x08007f2c                rgb_matrix_indicators_kb
 .text.rgb_matrix_get_limits
                0x08007f34       0x24 .build/obj_nuphy_air75_v2_ansi_vial/quantum/rgb_matrix/rgb_matrix.o
                0x08007f34                rgb_matrix_get_limits
 .text.effect_runner_dx_dy_dist
                0x08007f58       0xe4 .build/obj_nuphy_air75_v2_ansi_vial/quantum/rgb_matrix/rgb_matrix.o
                0x08007f58                effect_runner_dx_dy_dist
 .text.BAND_SPIRAL_SAT
                0x0800803c       0x10 .build/obj_nuphy_air75_v2_ansi_vial/quantum/rgb_matrix/rgb_matrix.o
                0x0800803c                BAND_SPIRAL_SAT
 .text.BAND_SPIRAL_VAL
                0x0800804c       0x10 .build/obj_nuphy_air75_v2_ansi_vial/quantum/rgb_matrix/rgb_matrix.o
                0x0800804c                BAND_SPIRAL_VAL
 .text.CYCLE_OUT_IN
                0x0800805c       0x10 .build/obj_nuphy_air75_v2_ansi_vial/quantum/rgb_matrix/rgb_matrix.o
                0x0800805c                CYCLE_OUT_IN
 .text.CYCLE_SPIRAL
                0x0800806c       0x10 .build/obj_nuphy_air75_v2_ansi_vial/quantum/rgb_matrix/rgb_matrix.o
                0x0800806c                CYCLE_SPIRAL
 .text.effect_runner_dx_dy
                0x0800807c       0xcc .build/obj_nuphy_air75_v2_ansi_vial/quantum/rgb_matrix/rgb_matrix.o
                0x0800807c                effect_runner_dx_dy
 .text.BAND_PINWHEEL_SAT
                0x08008148       0x10 .build/obj_nuphy_air75_v2_ansi_vial/quantum/rgb_matrix/rgb_matrix.o
                0x08008148                BAND_PINWHEEL_SAT
 .text.BAND_PINWHEEL_VAL
                0x08008158       0x10 .build/obj_nuphy_air75_v2_ansi_vial/quantum/rgb_matrix/rgb_matrix.o
                0x08008158                BAND_PINWHEEL_VAL
 .text.CYCLE_OUT_IN_DUAL
                0x08008168       0x10 .build/obj_nuphy_air75_v2_ansi_vial/quantum/rgb_matrix/rgb_matrix.o
                0x08008168                CYCLE_OUT_IN_DUAL
 .text.CYCLE_PINWHEEL
                0x08008178       0x10 .build/obj_nuphy_air75_v2_ansi_vial/quantum/rgb_matrix/rgb_matrix.o
                0x08008178                CYCLE_PINWHEEL
 .text.effect_runner_i
                0x08008188       0xa8 .build/obj_nuphy_air75_v2_ansi_vial/quantum/rgb_matrix/rgb_matrix.o
                0x08008188                effect_runner_i
 .text.BAND_SAT
                0x08008230       0x10 .build/obj_nuphy_air75_v2_ansi_vial/quantum/rgb_matrix/rgb_matrix.o
                0x08008230                BAND_SAT
 .text.BAND_VAL
                0x08008240       0x10 .build/obj_nuphy_air75_v2_ansi_vial/quantum/rgb_matrix/rgb_matrix.o
                0x08008240                BAND_VAL
 .text.CYCLE_ALL
                0x08008250       0x10 .build/obj_nuphy_air75_v2_ansi_vial/quantum/rgb_matrix/rgb_matrix.o
                0x08008250                CYCLE_ALL
 .text.CYCLE_LEFT_RIGHT
                0x08008260       0x10 .build/obj_nuphy_air75_v2_ansi_vial/quantum/rgb_matrix/rgb_matrix.o
                0x08008260                CYCLE_LEFT_RIGHT
 .text.CYCLE_UP_DOWN
                0x08008270       0x10 .build/obj_nuphy_air75_v2_ansi_vial/quantum/rgb_matrix/rgb_matrix.o
                0x08008270                CYCLE_UP_DOWN
 .text.RAINBOW_MOVING_CHEVRON
                0x08008280       0x10 .build/obj_nuphy_air75_v2_ansi_vial/quantum/rgb_matrix/rgb_matrix.o
                0x08008280                RAINBOW_MOVING_CHEVRON
 .text.HUE_PENDULUM
                0x08008290       0x10 .build/obj_nuphy_air75_v2_ansi_vial/quantum/rgb_matrix/rgb_matrix.o
                0x08008290                HUE_PENDULUM
 .text.HUE_WAVE
                0x080082a0       0x10 .build/obj_nuphy_air75_v2_ansi_vial/quantum/rgb_matrix/rgb_matrix.o
                0x080082a0                HUE_WAVE
 .text.effect_runner_sin_cos_i
                0x080082b0       0xcc .build/obj_nuphy_air75_v2_ansi_vial/quantum/rgb_matrix/rgb_matrix.o
                0x080082b0                effect_runner_sin_cos_i
 .text.DUAL_BEACON